Archive member included to satisfy reference by file (symbol)

C:/ST/STM32CubeIDE_1.14.0/STM32CubeIDE/plugins/com.st.stm32cube.ide.mcu.externaltools.gnu-tools-for-stm32.11.3.rel1.win32_1.1.100.202309141235/tools/bin/../lib/gcc/arm-none-eabi/11.3.1/../../../../arm-none-eabi/lib/thumb/v7e-m+fp/hard\libc_nano.a(libc_a-calloc.o)
                              ./CANopenNode/CANopen.o (calloc)
C:/ST/STM32CubeIDE_1.14.0/STM32CubeIDE/plugins/com.st.stm32cube.ide.mcu.externaltools.gnu-tools-for-stm32.11.3.rel1.win32_1.1.100.202309141235/tools/bin/../lib/gcc/arm-none-eabi/11.3.1/../../../../arm-none-eabi/lib/thumb/v7e-m+fp/hard\libc_nano.a(libc_a-callocr.o)
                              C:/ST/STM32CubeIDE_1.14.0/STM32CubeIDE/plugins/com.st.stm32cube.ide.mcu.externaltools.gnu-tools-for-stm32.11.3.rel1.win32_1.1.100.202309141235/tools/bin/../lib/gcc/arm-none-eabi/11.3.1/../../../../arm-none-eabi/lib/thumb/v7e-m+fp/hard\libc_nano.a(libc_a-calloc.o) (_calloc_r)
C:/ST/STM32CubeIDE_1.14.0/STM32CubeIDE/plugins/com.st.stm32cube.ide.mcu.externaltools.gnu-tools-for-stm32.11.3.rel1.win32_1.1.100.202309141235/tools/bin/../lib/gcc/arm-none-eabi/11.3.1/../../../../arm-none-eabi/lib/thumb/v7e-m+fp/hard\libc_nano.a(libc_a-exit.o)
                              C:/ST/STM32CubeIDE_1.14.0/STM32CubeIDE/plugins/com.st.stm32cube.ide.mcu.externaltools.gnu-tools-for-stm32.11.3.rel1.win32_1.1.100.202309141235/tools/bin/../lib/gcc/arm-none-eabi/11.3.1/../../../../arm-none-eabi/lib/thumb/v7e-m+fp/hard/crt0.o (exit)
C:/ST/STM32CubeIDE_1.14.0/STM32CubeIDE/plugins/com.st.stm32cube.ide.mcu.externaltools.gnu-tools-for-stm32.11.3.rel1.win32_1.1.100.202309141235/tools/bin/../lib/gcc/arm-none-eabi/11.3.1/../../../../arm-none-eabi/lib/thumb/v7e-m+fp/hard\libc_nano.a(libc_a-malloc.o)
                              ./CANopenNode/CANopen.o (free)
C:/ST/STM32CubeIDE_1.14.0/STM32CubeIDE/plugins/com.st.stm32cube.ide.mcu.externaltools.gnu-tools-for-stm32.11.3.rel1.win32_1.1.100.202309141235/tools/bin/../lib/gcc/arm-none-eabi/11.3.1/../../../../arm-none-eabi/lib/thumb/v7e-m+fp/hard\libc_nano.a(libc_a-mallocr.o)
                              C:/ST/STM32CubeIDE_1.14.0/STM32CubeIDE/plugins/com.st.stm32cube.ide.mcu.externaltools.gnu-tools-for-stm32.11.3.rel1.win32_1.1.100.202309141235/tools/bin/../lib/gcc/arm-none-eabi/11.3.1/../../../../arm-none-eabi/lib/thumb/v7e-m+fp/hard\libc_nano.a(libc_a-callocr.o) (_malloc_r)
C:/ST/STM32CubeIDE_1.14.0/STM32CubeIDE/plugins/com.st.stm32cube.ide.mcu.externaltools.gnu-tools-for-stm32.11.3.rel1.win32_1.1.100.202309141235/tools/bin/../lib/gcc/arm-none-eabi/11.3.1/../../../../arm-none-eabi/lib/thumb/v7e-m+fp/hard\libc_nano.a(libc_a-mlock.o)
                              C:/ST/STM32CubeIDE_1.14.0/STM32CubeIDE/plugins/com.st.stm32cube.ide.mcu.externaltools.gnu-tools-for-stm32.11.3.rel1.win32_1.1.100.202309141235/tools/bin/../lib/gcc/arm-none-eabi/11.3.1/../../../../arm-none-eabi/lib/thumb/v7e-m+fp/hard\libc_nano.a(libc_a-mallocr.o) (__malloc_lock)
C:/ST/STM32CubeIDE_1.14.0/STM32CubeIDE/plugins/com.st.stm32cube.ide.mcu.externaltools.gnu-tools-for-stm32.11.3.rel1.win32_1.1.100.202309141235/tools/bin/../lib/gcc/arm-none-eabi/11.3.1/../../../../arm-none-eabi/lib/thumb/v7e-m+fp/hard\libc_nano.a(libc_a-fflush.o)
                              ./CANopenNode_STM32/CO_app_STM32.o (fflush)
C:/ST/STM32CubeIDE_1.14.0/STM32CubeIDE/plugins/com.st.stm32cube.ide.mcu.externaltools.gnu-tools-for-stm32.11.3.rel1.win32_1.1.100.202309141235/tools/bin/../lib/gcc/arm-none-eabi/11.3.1/../../../../arm-none-eabi/lib/thumb/v7e-m+fp/hard\libc_nano.a(libc_a-findfp.o)
                              C:/ST/STM32CubeIDE_1.14.0/STM32CubeIDE/plugins/com.st.stm32cube.ide.mcu.externaltools.gnu-tools-for-stm32.11.3.rel1.win32_1.1.100.202309141235/tools/bin/../lib/gcc/arm-none-eabi/11.3.1/../../../../arm-none-eabi/lib/thumb/v7e-m+fp/hard\libc_nano.a(libc_a-fflush.o) (__sinit)
C:/ST/STM32CubeIDE_1.14.0/STM32CubeIDE/plugins/com.st.stm32cube.ide.mcu.externaltools.gnu-tools-for-stm32.11.3.rel1.win32_1.1.100.202309141235/tools/bin/../lib/gcc/arm-none-eabi/11.3.1/../../../../arm-none-eabi/lib/thumb/v7e-m+fp/hard\libc_nano.a(libc_a-fwalk.o)
                              C:/ST/STM32CubeIDE_1.14.0/STM32CubeIDE/plugins/com.st.stm32cube.ide.mcu.externaltools.gnu-tools-for-stm32.11.3.rel1.win32_1.1.100.202309141235/tools/bin/../lib/gcc/arm-none-eabi/11.3.1/../../../../arm-none-eabi/lib/thumb/v7e-m+fp/hard\libc_nano.a(libc_a-fflush.o) (_fwalk_sglue)
C:/ST/STM32CubeIDE_1.14.0/STM32CubeIDE/plugins/com.st.stm32cube.ide.mcu.externaltools.gnu-tools-for-stm32.11.3.rel1.win32_1.1.100.202309141235/tools/bin/../lib/gcc/arm-none-eabi/11.3.1/../../../../arm-none-eabi/lib/thumb/v7e-m+fp/hard\libc_nano.a(libc_a-printf.o)
                              ./CANopenNode_STM32/CO_app_STM32.o (printf)
[...]
Memory Configuration

Name             Origin             Length             Attributes
RAM              0x0000000020000000 0x0000000000010000 xrw
RAM2             0x0000000010000000 0x0000000000004000 xrw
FLASH            0x0000000008000000 0x0000000000040000 xr
*default*        0x0000000000000000 0xffffffffffffffff

Linker script and memory map

LOAD C:/ST/STM32CubeIDE_1.14.0/STM32CubeIDE/plugins/com.st.stm32cube.ide.mcu.externaltools.gnu-tools-for-stm32.11.3.rel1.win32_1.1.100.202309141235/tools/bin/../lib/gcc/arm-none-eabi/11.3.1/thumb/v7e-m+fp/hard/crti.o
LOAD C:/ST/STM32CubeIDE_1.14.0/STM32CubeIDE/plugins/com.st.stm32cube.ide.mcu.externaltools.gnu-tools-for-stm32.11.3.rel1.win32_1.1.100.202309141235/tools/bin/../lib/gcc/arm-none-eabi/11.3.1/thumb/v7e-m+fp/hard/crtbegin.o
LOAD C:/ST/STM32CubeIDE_1.14.0/STM32CubeIDE/plugins/com.st.stm32cube.ide.mcu.externaltools.gnu-tools-for-stm32.11.3.rel1.win32_1.1.100.202309141235/tools/bin/../lib/gcc/arm-none-eabi/11.3.1/../../../../arm-none-eabi/lib/thumb/v7e-m+fp/hard/crt0.o
LOAD ./CANopenNode/301/CO_Emergency.o
LOAD ./CANopenNode/301/CO_HBconsumer.o
LOAD ./CANopenNode/301/CO_NMT_Heartbeat.o
LOAD ./CANopenNode/301/CO_ODinterface.o
LOAD ./CANopenNode/301/CO_PDO.o
LOAD ./CANopenNode/301/CO_SDOclient.o
LOAD ./CANopenNode/301/CO_SDOserver.o
LOAD ./CANopenNode/301/CO_SYNC.o
LOAD ./CANopenNode/301/CO_TIME.o
LOAD ./CANopenNode/301/CO_fifo.o
LOAD ./CANopenNode/301/crc16-ccitt.o
LOAD ./CANopenNode/303/CO_LEDs.o
LOAD ./CANopenNode/304/CO_GFC.o
LOAD ./CANopenNode/304/CO_SRDO.o
LOAD ./CANopenNode/305/CO_LSSmaster.o
LOAD ./CANopenNode/305/CO_LSSslave.o
LOAD ./CANopenNode/309/CO_gateway_ascii.o
LOAD ./CANopenNode/CANopen.o
LOAD ./CANopenNode/extra/CO_trace.o
LOAD ./CANopenNode/storage/CO_storage.o
LOAD ./CANopenNode/storage/CO_storageEeprom.o
LOAD ./CANopenNode_STM32/CO_app_STM32.o
LOAD ./CANopenNode_STM32/CO_driver_STM32.o
LOAD ./CANopenNode_STM32/CO_storageBlank.o
LOAD ./CANopenNode_STM32/OD.o
LOAD ./Core/Src/freertos.o
LOAD ./Core/Src/main.o
LOAD ./Core/Src/stm32l4xx_hal_msp.o
LOAD ./Core/Src/stm32l4xx_hal_timebase_tim.o
LOAD ./Core/Src/stm32l4xx_it.o
LOAD ./Core/Src/syscalls.o
LOAD ./Core/Src/sysmem.o
LOAD ./Core/Src/system_stm32l4xx.o
LOAD ./Core/Startup/startup_stm32l432kcux.o
LOAD ./Drivers/STM32L4xx_HAL_Driver/Src/stm32l4xx_hal.o
LOAD ./Drivers/STM32L4xx_HAL_Driver/Src/stm32l4xx_hal_can.o
LOAD ./Drivers/STM32L4xx_HAL_Driver/Src/stm32l4xx_hal_cortex.o
LOAD ./Drivers/STM32L4xx_HAL_Driver/Src/stm32l4xx_hal_dma.o
LOAD ./Drivers/STM32L4xx_HAL_Driver/Src/stm32l4xx_hal_dma_ex.o
LOAD ./Drivers/STM32L4xx_HAL_Driver/Src/stm32l4xx_hal_exti.o
LOAD ./Drivers/STM32L4xx_HAL_Driver/Src/stm32l4xx_hal_flash.o
LOAD ./Drivers/STM32L4xx_HAL_Driver/Src/stm32l4xx_hal_flash_ex.o
LOAD ./Drivers/STM32L4xx_HAL_Driver/Src/stm32l4xx_hal_flash_ramfunc.o
LOAD ./Drivers/STM32L4xx_HAL_Driver/Src/stm32l4xx_hal_gpio.o
LOAD ./Drivers/STM32L4xx_HAL_Driver/Src/stm32l4xx_hal_i2c.o
LOAD ./Drivers/STM32L4xx_HAL_Driver/Src/stm32l4xx_hal_i2c_ex.o
LOAD ./Drivers/STM32L4xx_HAL_Driver/Src/stm32l4xx_hal_pwr.o
LOAD ./Drivers/STM32L4xx_HAL_Driver/Src/stm32l4xx_hal_pwr_ex.o
LOAD ./Drivers/STM32L4xx_HAL_Driver/Src/stm32l4xx_hal_rcc.o
LOAD ./Drivers/STM32L4xx_HAL_Driver/Src/stm32l4xx_hal_rcc_ex.o
LOAD ./Drivers/STM32L4xx_HAL_Driver/Src/stm32l4xx_hal_tim.o
LOAD ./Drivers/STM32L4xx_HAL_Driver/Src/stm32l4xx_hal_tim_ex.o
LOAD ./Drivers/STM32L4xx_HAL_Driver/Src/stm32l4xx_hal_uart.o
LOAD ./Drivers/STM32L4xx_HAL_Driver/Src/stm32l4xx_hal_uart_ex.o
LOAD ./Middlewares/Third_Party/FreeRTOS/Source/CMSIS_RTOS/cmsis_os.o
LOAD ./Middlewares/Third_Party/FreeRTOS/Source/croutine.o
LOAD ./Middlewares/Third_Party/FreeRTOS/Source/event_groups.o
LOAD ./Middlewares/Third_Party/FreeRTOS/Source/list.o
LOAD ./Middlewares/Third_Party/FreeRTOS/Source/queue.o
LOAD ./Middlewares/Third_Party/FreeRTOS/Source/stream_buffer.o
LOAD ./Middlewares/Third_Party/FreeRTOS/Source/tasks.o
LOAD ./Middlewares/Third_Party/FreeRTOS/Source/timers.o
LOAD ./Middlewares/Third_Party/FreeRTOS/Source/portable/GCC/ARM_CM4F/port.o
LOAD ./Middlewares/Third_Party/FreeRTOS/Source/portable/MemMang/heap_4.o
START GROUP
LOAD C:/ST/STM32CubeIDE_1.14.0/STM32CubeIDE/plugins/com.st.stm32cube.ide.mcu.externaltools.gnu-tools-for-stm32.11.3.rel1.win32_1.1.100.202309141235/tools/bin/../lib/gcc/arm-none-eabi/11.3.1/../../../../arm-none-eabi/lib/thumb/v7e-m+fp/hard\libc_nano.a
LOAD C:/ST/STM32CubeIDE_1.14.0/STM32CubeIDE/plugins/com.st.stm32cube.ide.mcu.externaltools.gnu-tools-for-stm32.11.3.rel1.win32_1.1.100.202309141235/tools/bin/../lib/gcc/arm-none-eabi/11.3.1/../../../../arm-none-eabi/lib/thumb/v7e-m+fp/hard\libm.a
END GROUP
START GROUP
LOAD C:/ST/STM32CubeIDE_1.14.0/STM32CubeIDE/plugins/com.st.stm32cube.ide.mcu.externaltools.gnu-tools-for-stm32.11.3.rel1.win32_1.1.100.202309141235/tools/bin/../lib/gcc/arm-none-eabi/11.3.1/thumb/v7e-m+fp/hard\libgcc.a
LOAD C:/ST/STM32CubeIDE_1.14.0/STM32CubeIDE/plugins/com.st.stm32cube.ide.mcu.externaltools.gnu-tools-for-stm32.11.3.rel1.win32_1.1.100.202309141235/tools/bin/../lib/gcc/arm-none-eabi/11.3.1/../../../../arm-none-eabi/lib/thumb/v7e-m+fp/hard\libc_nano.a
END GROUP
START GROUP
LOAD C:/ST/STM32CubeIDE_1.14.0/STM32CubeIDE/plugins/com.st.stm32cube.ide.mcu.externaltools.gnu-tools-for-stm32.11.3.rel1.win32_1.1.100.202309141235/tools/bin/../lib/gcc/arm-none-eabi/11.3.1/thumb/v7e-m+fp/hard\libgcc.a
LOAD C:/ST/STM32CubeIDE_1.14.0/STM32CubeIDE/plugins/com.st.stm32cube.ide.mcu.externaltools.gnu-tools-for-stm32.11.3.rel1.win32_1.1.100.202309141235/tools/bin/../lib/gcc/arm-none-eabi/11.3.1/../../../../arm-none-eabi/lib/thumb/v7e-m+fp/hard\libc_nano.a
LOAD C:/ST/STM32CubeIDE_1.14.0/STM32CubeIDE/plugins/com.st.stm32cube.ide.mcu.externaltools.gnu-tools-for-stm32.11.3.rel1.win32_1.1.100.202309141235/tools/bin/../lib/gcc/arm-none-eabi/11.3.1/../../../../arm-none-eabi/lib/thumb/v7e-m+fp/hard\libnosys.a
END GROUP
START GROUP
LOAD C:/ST/STM32CubeIDE_1.14.0/STM32CubeIDE/plugins/com.st.stm32cube.ide.mcu.externaltools.gnu-tools-for-stm32.11.3.rel1.win32_1.1.100.202309141235/tools/bin/../lib/gcc/arm-none-eabi/11.3.1/thumb/v7e-m+fp/hard\libgcc.a
LOAD C:/ST/STM32CubeIDE_1.14.0/STM32CubeIDE/plugins/com.st.stm32cube.ide.mcu.externaltools.gnu-tools-for-stm32.11.3.rel1.win32_1.1.100.202309141235/tools/bin/../lib/gcc/arm-none-eabi/11.3.1/../../../../arm-none-eabi/lib/thumb/v7e-m+fp/hard\libc_nano.a
LOAD C:/ST/STM32CubeIDE_1.14.0/STM32CubeIDE/plugins/com.st.stm32cube.ide.mcu.externaltools.gnu-tools-for-stm32.11.3.rel1.win32_1.1.100.202309141235/tools/bin/../lib/gcc/arm-none-eabi/11.3.1/../../../../arm-none-eabi/lib/thumb/v7e-m+fp/hard\libnosys.a
END GROUP
LOAD C:/ST/STM32CubeIDE_1.14.0/STM32CubeIDE/plugins/com.st.stm32cube.ide.mcu.externaltools.gnu-tools-for-stm32.11.3.rel1.win32_1.1.100.202309141235/tools/bin/../lib/gcc/arm-none-eabi/11.3.1/thumb/v7e-m+fp/hard/crtend.o
LOAD C:/ST/STM32CubeIDE_1.14.0/STM32CubeIDE/plugins/com.st.stm32cube.ide.mcu.externaltools.gnu-tools-for-stm32.11.3.rel1.win32_1.1.100.202309141235/tools/bin/../lib/gcc/arm-none-eabi/11.3.1/thumb/v7e-m+fp/hard/crtn.o
                0x0000000020010000                _estack = (ORIGIN (RAM) + LENGTH (RAM))
                0x0000000000000200                _Min_Heap_Size = 0x200
                0x0000000000000400                _Min_Stack_Size = 0x400

.isr_vector     0x0000000008000000      0x18c
                0x0000000008000000                . = ALIGN (0x4)
 *(.isr_vector)
 .isr_vector    0x0000000008000000      0x18c ./Core/Startup/startup_stm32l432kcux.o
                0x0000000008000000                g_pfnVectors
                0x000000000800018c                . = ALIGN (0x4)

.text           0x0000000008000190     0xe4c8
                0x0000000008000190                . = ALIGN (0x4)
 *(.text)
 .text          0x0000000008000190       0x40 C:/ST/STM32CubeIDE_1.14.0/STM32CubeIDE/plugins/com.st.stm32cube.ide.mcu.externaltools.gnu-tools-for-stm32.11.3.rel1.win32_1.1.100.202309141235/tools/bin/../lib/gcc/arm-none-eabi/11.3.1/thumb/v7e-m+fp/hard/crtbegin.o
 .text          0x00000000080001d0       0x10 C:/ST/STM32CubeIDE_1.14.0/STM32CubeIDE/plugins/com.st.stm32cube.ide.mcu.externaltools.gnu-tools-for-stm32.11.3.rel1.win32_1.1.100.202309141235/tools/bin/../lib/gcc/arm-none-eabi/11.3.1/../../../../arm-none-eabi/lib/thumb/v7e-m+fp/hard\libc_nano.a(libc_a-strlen.o)
                0x00000000080001d0                strlen
 .text          0x00000000080001e0       0xa0 C:/ST/STM32CubeIDE_1.14.0/STM32CubeIDE/plugins/com.st.stm32cube.ide.mcu.externaltools.gnu-tools-for-stm32.11.3.rel1.win32_1.1.100.202309141235/tools/bin/../lib/gcc/arm-none-eabi/11.3.1/../../../../arm-none-eabi/lib/thumb/v7e-m+fp/hard\libc_nano.a(libc_a-memchr.o)
                0x00000000080001e0                memchr
 .text          0x0000000008000280       0x30 C:/ST/STM32CubeIDE_1.14.0/STM32CubeIDE/plugins/com.st.stm32cube.ide.mcu.externaltools.gnu-tools-for-stm32.11.3.rel1.win32_1.1.100.202309141235/tools/bin/../lib/gcc/arm-none-eabi/11.3.1/thumb/v7e-m+fp/hard\libgcc.a(_aeabi_uldivmod.o)
                0x0000000008000280                __aeabi_uldivmod
 .text          0x00000000080002b0      0x2c8 C:/ST/STM32CubeIDE_1.14.0/STM32CubeIDE/plugins/com.st.stm32cube.ide.mcu.externaltools.gnu-tools-for-stm32.11.3.rel1.win32_1.1.100.202309141235/tools/bin/../lib/gcc/arm-none-eabi/11.3.1/thumb/v7e-m+fp/hard\libgcc.a(_udivmoddi4.o)
                0x00000000080002b0                __udivmoddi4
 .text          0x0000000008000578        0x4 C:/ST/STM32CubeIDE_1.14.0/STM32CubeIDE/plugins/com.st.stm32cube.ide.mcu.externaltools.gnu-tools-for-stm32.11.3.rel1.win32_1.1.100.202309141235/tools/bin/../lib/gcc/arm-none-eabi/11.3.1/thumb/v7e-m+fp/hard\libgcc.a(_dvmd_tls.o)
                0x0000000008000578                __aeabi_idiv0
                0x0000000008000578                __aeabi_ldiv0
 *(.text*)
 .text.CO_getUint8
                0x000000000800057c       0x1c ./CANopenNode/301/CO_Emergency.o
 .text.CO_setUint8
                0x0000000008000598       0x20 ./CANopenNode/301/CO_Emergency.o
 .text.CO_setUint32
                0x00000000080005b8       0x1e ./CANopenNode/301/CO_Emergency.o
 .text.OD_getIndex
                0x00000000080005d6       0x22 ./CANopenNode/301/CO_Emergency.o
 .text.OD_extension_init
                0x00000000080005f8       0x28 ./CANopenNode/301/CO_Emergency.o
 .text.OD_get_u32
                0x0000000008000620       0x2a ./CANopenNode/301/CO_Emergency.o
 .text.OD_read_1014_default
                0x000000000800064a       0x72 ./CANopenNode/301/CO_Emergency.o
 .text.OD_read_1003
                0x00000000080006bc       0xdc ./CANopenNode/301/CO_Emergency.o
 .text.OD_write_1003
                0x0000000008000798       0x60 ./CANopenNode/301/CO_Emergency.o
 .text.CO_EM_init
                0x00000000080007f8      0x1c0 ./CANopenNode/301/CO_Emergency.o
                0x00000000080007f8                CO_EM_init
 .text.CO_EM_process
                0x00000000080009b8      0x294 ./CANopenNode/301/CO_Emergency.o
                0x00000000080009b8                CO_EM_process
 .text.CO_error
                0x0000000008000c4c      0x17a ./CANopenNode/301/CO_Emergency.o
                0x0000000008000c4c                CO_error
 .text.CO_getUint32
                0x0000000008000dc6       0x1c ./CANopenNode/301/CO_HBconsumer.o
 .text.OD_getIndex
                0x0000000008000de2       0x22 ./CANopenNode/301/CO_HBconsumer.o
 .text.OD_extension_init
                0x0000000008000e04       0x28 ./CANopenNode/301/CO_HBconsumer.o
 .text.OD_get_u32
                0x0000000008000e2c       0x2a ./CANopenNode/301/CO_HBconsumer.o
 .text.CO_HBcons_receive
                0x0000000008000e56       0x3c ./CANopenNode/301/CO_HBconsumer.o
 .text.OD_write_1016
                0x0000000008000e92       0x8e ./CANopenNode/301/CO_HBconsumer.o
 .text.CO_HBconsumer_init
                0x0000000008000f20      0x158 ./CANopenNode/301/CO_HBconsumer.o
                0x0000000008000f20                CO_HBconsumer_init
 .text.CO_HBconsumer_initEntry
                0x0000000008001078      0x130 ./CANopenNode/301/CO_HBconsumer.o
 .text.CO_HBconsumer_process
                0x00000000080011a8      0x1aa ./CANopenNode/301/CO_HBconsumer.o
                0x00000000080011a8                CO_HBconsumer_process
 .text.CO_getUint16
                0x0000000008001352       0x1e ./CANopenNode/301/CO_NMT_Heartbeat.o
 .text.OD_getIndex
                0x0000000008001370       0x22 ./CANopenNode/301/CO_NMT_Heartbeat.o
 .text.OD_extension_init
                0x0000000008001392       0x28 ./CANopenNode/301/CO_NMT_Heartbeat.o
 .text.OD_get_u16
                0x00000000080013ba       0x2a ./CANopenNode/301/CO_NMT_Heartbeat.o
 .text.CO_isError
                0x00000000080013e4       0x4e ./CANopenNode/301/CO_NMT_Heartbeat.o
 .text.CO_getErrorRegister
                0x0000000008001432       0x2c ./CANopenNode/301/CO_NMT_Heartbeat.o
 .text.CO_NMT_receive
                0x000000000800145e       0x4e ./CANopenNode/301/CO_NMT_Heartbeat.o
 .text.OD_write_1017
                0x00000000080014ac       0x6a ./CANopenNode/301/CO_NMT_Heartbeat.o
 *fill*         0x0000000008001516        0x2 
 .text.CO_NMT_init
                0x0000000008001518      0x17c ./CANopenNode/301/CO_NMT_Heartbeat.o
                0x0000000008001518                CO_NMT_init
 .text.CO_NMT_process
                0x0000000008001694      0x1dc ./CANopenNode/301/CO_NMT_Heartbeat.o
                0x0000000008001694                CO_NMT_process
 .text.OD_readOriginal
                0x0000000008001870       0xb0 ./CANopenNode/301/CO_ODinterface.o
                0x0000000008001870                OD_readOriginal
 .text.OD_writeOriginal
                0x0000000008001920       0xbc ./CANopenNode/301/CO_ODinterface.o
                0x0000000008001920                OD_writeOriginal
 .text.OD_readDisabled
                0x00000000080019dc       0x1c ./CANopenNode/301/CO_ODinterface.o
 .text.OD_writeDisabled
                0x00000000080019f8       0x1c ./CANopenNode/301/CO_ODinterface.o
 .text.OD_find  0x0000000008001a14       0xb8 ./CANopenNode/301/CO_ODinterface.o
                0x0000000008001a14                OD_find
 .text.OD_getSub
                0x0000000008001acc      0x1e4 ./CANopenNode/301/CO_ODinterface.o
                0x0000000008001acc                OD_getSub
 .text.OD_getSDOabCode
                0x0000000008001cb0       0x3c ./CANopenNode/301/CO_ODinterface.o
                0x0000000008001cb0                OD_getSDOabCode
 .text.OD_get_value
                0x0000000008001cec       0x6c ./CANopenNode/301/CO_ODinterface.o
                0x0000000008001cec                OD_get_value
 .text.OD_set_value
                0x0000000008001d58       0x62 ./CANopenNode/301/CO_ODinterface.o
                0x0000000008001d58                OD_set_value
 .text.OD_getPtr
                0x0000000008001dba       0x86 ./CANopenNode/301/CO_ODinterface.o
                0x0000000008001dba                OD_getPtr
 .text.CO_getUint8
                0x0000000008001e40       0x1c ./CANopenNode/301/CO_PDO.o
 .text.CO_getUint16
                0x0000000008001e5c       0x1e ./CANopenNode/301/CO_PDO.o
 .text.CO_getUint32
                0x0000000008001e7a       0x1c ./CANopenNode/301/CO_PDO.o
 .text.CO_setUint32
                0x0000000008001e96       0x1e ./CANopenNode/301/CO_PDO.o
 .text.OD_getIndex
                0x0000000008001eb4       0x22 ./CANopenNode/301/CO_PDO.o
 .text.OD_extension_init
                0x0000000008001ed6       0x28 ./CANopenNode/301/CO_PDO.o
 .text.OD_get_u8
                0x0000000008001efe       0x2a ./CANopenNode/301/CO_PDO.o
 .text.OD_get_u16
                0x0000000008001f28       0x2a ./CANopenNode/301/CO_PDO.o
 .text.OD_get_u32
                0x0000000008001f52       0x2a ./CANopenNode/301/CO_PDO.o
 .text.OD_write_dummy
                0x0000000008001f7c       0x28 ./CANopenNode/301/CO_PDO.o
 .text.OD_read_dummy
                0x0000000008001fa4       0x4e ./CANopenNode/301/CO_PDO.o
 *fill*         0x0000000008001ff2        0x2 
 .text.PDOconfigMap
                0x0000000008001ff4      0x180 ./CANopenNode/301/CO_PDO.o
 .text.PDO_initMapping
                0x0000000008002174      0x15a ./CANopenNode/301/CO_PDO.o
 .text.OD_write_PDO_mapping
                0x00000000080022ce      0x142 ./CANopenNode/301/CO_PDO.o
 .text.OD_read_PDO_commParam
                0x0000000008002410       0x9c ./CANopenNode/301/CO_PDO.o
 .text.CO_PDO_receive
                0x00000000080024ac       0xbc ./CANopenNode/301/CO_PDO.o
 .text.OD_write_14xx
                0x0000000008002568      0x23c ./CANopenNode/301/CO_PDO.o
 .text.CO_RPDO_init
                0x00000000080027a4      0x28c ./CANopenNode/301/CO_PDO.o
                0x00000000080027a4                CO_RPDO_init
 .text.CO_RPDO_process
                0x0000000008002a30      0x266 ./CANopenNode/301/CO_PDO.o
                0x0000000008002a30                CO_RPDO_process
 *fill*         0x0000000008002c96        0x2 
 .text.OD_write_18xx
                0x0000000008002c98      0x2a4 ./CANopenNode/301/CO_PDO.o
 .text.CO_TPDO_init
                0x0000000008002f3c      0x2f4 ./CANopenNode/301/CO_PDO.o
                0x0000000008002f3c                CO_TPDO_init
 .text.CO_TPDOsend
                0x0000000008003230      0x148 ./CANopenNode/301/CO_PDO.o
 .text.CO_TPDO_process
                0x0000000008003378      0x204 ./CANopenNode/301/CO_PDO.o
                0x0000000008003378                CO_TPDO_process
 .text.CO_getUint8
                0x000000000800357c       0x1c ./CANopenNode/301/CO_SDOserver.o
 .text.CO_getUint32
                0x0000000008003598       0x1c ./CANopenNode/301/CO_SDOserver.o
 .text.OD_getIndex
                0x00000000080035b4       0x22 ./CANopenNode/301/CO_SDOserver.o
 .text.OD_mappable
                0x00000000080035d6       0x2c ./CANopenNode/301/CO_SDOserver.o
 .text.OD_extension_init
                0x0000000008003602       0x28 ./CANopenNode/301/CO_SDOserver.o
 .text.OD_get_u8
                0x000000000800362a       0x2a ./CANopenNode/301/CO_SDOserver.o
 .text.OD_get_u32
                0x0000000008003654       0x2a ./CANopenNode/301/CO_SDOserver.o
 .text.OD_set_u32
                0x000000000800367e       0x2a ./CANopenNode/301/CO_SDOserver.o
 .text.CO_SDO_receive
                0x00000000080036a8       0x54 ./CANopenNode/301/CO_SDOserver.o
 .text.CO_SDOserver_init_canRxTx
                0x00000000080036fc       0xd8 ./CANopenNode/301/CO_SDOserver.o
 .text.OD_write_1201_additional
                0x00000000080037d4      0x224 ./CANopenNode/301/CO_SDOserver.o
 .text.CO_SDOserver_init
                0x00000000080039f8      0x228 ./CANopenNode/301/CO_SDOserver.o
                0x00000000080039f8                CO_SDOserver_init
 .text.validateAndWriteToOD
                0x0000000008003c20      0x22c ./CANopenNode/301/CO_SDOserver.o
 .text.readFromOd
                0x0000000008003e4c      0x198 ./CANopenNode/301/CO_SDOserver.o
 .text.CO_SDOserver_process
                0x0000000008003fe4      0xa20 ./CANopenNode/301/CO_SDOserver.o
                0x0000000008003fe4                CO_SDOserver_process
 .text.CO_getUint8
                0x0000000008004a04       0x1c ./CANopenNode/301/CO_SYNC.o
 .text.CO_getUint32
                0x0000000008004a20       0x1c ./CANopenNode/301/CO_SYNC.o
 .text.OD_getIndex
                0x0000000008004a3c       0x22 ./CANopenNode/301/CO_SYNC.o
 .text.OD_extension_init
                0x0000000008004a5e       0x28 ./CANopenNode/301/CO_SYNC.o
 .text.OD_get_u8
                0x0000000008004a86       0x2a ./CANopenNode/301/CO_SYNC.o
 .text.OD_get_u32
                0x0000000008004ab0       0x2a ./CANopenNode/301/CO_SYNC.o
 .text.CO_SYNCsend
                0x0000000008004ada       0x64 ./CANopenNode/301/CO_SYNC.o
 .text.CO_SYNC_receive
                0x0000000008004b3e       0x8c ./CANopenNode/301/CO_SYNC.o
 *fill*         0x0000000008004bca        0x2 
 .text.OD_write_1005
                0x0000000008004bcc      0x18c ./CANopenNode/301/CO_SYNC.o
 .text.OD_write_1019
                0x0000000008004d58       0xbe ./CANopenNode/301/CO_SYNC.o
 *fill*         0x0000000008004e16        0x2 
 .text.CO_SYNC_init
                0x0000000008004e18      0x250 ./CANopenNode/301/CO_SYNC.o
                0x0000000008004e18                CO_SYNC_init
 .text.CO_SYNC_process
                0x0000000008005068      0x172 ./CANopenNode/301/CO_SYNC.o
                0x0000000008005068                CO_SYNC_process
 .text.CO_getUint16
                0x00000000080051da       0x1e ./CANopenNode/301/CO_TIME.o
 .text.CO_getUint32
                0x00000000080051f8       0x1c ./CANopenNode/301/CO_TIME.o
 .text.OD_getIndex
                0x0000000008005214       0x22 ./CANopenNode/301/CO_TIME.o
 .text.OD_extension_init
                0x0000000008005236       0x28 ./CANopenNode/301/CO_TIME.o
 .text.OD_get_u32
                0x000000000800525e       0x2a ./CANopenNode/301/CO_TIME.o
 .text.CO_TIME_receive
                0x0000000008005288       0x3a ./CANopenNode/301/CO_TIME.o
 *fill*         0x00000000080052c2        0x2 
 .text.OD_write_1012
                0x00000000080052c4       0xe4 ./CANopenNode/301/CO_TIME.o
 .text.CO_TIME_init
                0x00000000080053a8      0x100 ./CANopenNode/301/CO_TIME.o
                0x00000000080053a8                CO_TIME_init
 .text.CO_TIME_process
                0x00000000080054a8       0xec ./CANopenNode/301/CO_TIME.o
                0x00000000080054a8                CO_TIME_process
 .text.CO_LEDs_init
                0x0000000008005594       0x2e ./CANopenNode/303/CO_LEDs.o
                0x0000000008005594                CO_LEDs_init
 *fill*         0x00000000080055c2        0x2 
 .text.CO_LEDs_process
                0x00000000080055c4      0x360 ./CANopenNode/303/CO_LEDs.o
                0x00000000080055c4                CO_LEDs_process
 .text.CO_LSSslave_receive
                0x0000000008005924      0x2c0 ./CANopenNode/305/CO_LSSslave.o
 .text.CO_LSSslave_init
                0x0000000008005be4       0xec ./CANopenNode/305/CO_LSSslave.o
                0x0000000008005be4                CO_LSSslave_init
 .text.CO_LSSslave_process
                0x0000000008005cd0      0x42c ./CANopenNode/305/CO_LSSslave.o
                0x0000000008005cd0                CO_LSSslave_process
 .text.CO_isError
                0x00000000080060fc       0x4e ./CANopenNode/CANopen.o
 .text.CO_getErrorRegister
                0x000000000800614a       0x2c ./CANopenNode/CANopen.o
 .text.CO_NMT_getInternalState
                0x0000000008006176       0x24 ./CANopenNode/CANopen.o
 .text.CO_LSSslave_getState
                0x000000000800619a       0x22 ./CANopenNode/CANopen.o
 .text.CO_new   0x00000000080061bc      0x24e ./CANopenNode/CANopen.o
                0x00000000080061bc                CO_new
 .text.CO_delete
                0x000000000800640a       0xbe ./CANopenNode/CANopen.o
                0x000000000800640a                CO_delete
 .text.CO_CANinit
                0x00000000080064c8       0x58 ./CANopenNode/CANopen.o
                0x00000000080064c8                CO_CANinit
 .text.CO_LSSinit
                0x0000000008006520       0x58 ./CANopenNode/CANopen.o
                0x0000000008006520                CO_LSSinit
 .text.CO_CANopenInit
                0x0000000008006578      0x290 ./CANopenNode/CANopen.o
                0x0000000008006578                CO_CANopenInit
 .text.CO_CANopenInitPDO
                0x0000000008006808      0x1ac ./CANopenNode/CANopen.o
                0x0000000008006808                CO_CANopenInitPDO
 .text.CO_process
                0x00000000080069b4      0x1ea ./CANopenNode/CANopen.o
                0x00000000080069b4                CO_process
 .text.CO_process_SYNC
                0x0000000008006b9e       0x80 ./CANopenNode/CANopen.o
                0x0000000008006b9e                CO_process_SYNC
 .text.CO_process_RPDO
                0x0000000008006c1e       0x72 ./CANopenNode/CANopen.o
                0x0000000008006c1e                CO_process_RPDO
 .text.CO_process_TPDO
                0x0000000008006c90       0x72 ./CANopenNode/CANopen.o
                0x0000000008006c90                CO_process_TPDO
 *fill*         0x0000000008006d02        0x2 
 .text.canopen_app_init
                0x0000000008006d04       0x68 ./CANopenNode_STM32/CO_app_STM32.o
                0x0000000008006d04                canopen_app_init
 .text.canopen_app_resetCommunication
                0x0000000008006d6c      0x23c ./CANopenNode_STM32/CO_app_STM32.o
                0x0000000008006d6c                canopen_app_resetCommunication
 .text.canopen_app_process
                0x0000000008006fa8       0xd8 ./CANopenNode_STM32/CO_app_STM32.o
                0x0000000008006fa8                canopen_app_process
 .text.canopen_app_interrupt
                0x0000000008007080       0x84 ./CANopenNode_STM32/CO_app_STM32.o
                0x0000000008007080                canopen_app_interrupt
 .text.CO_CANsetConfigurationMode
                0x0000000008007104       0x20 ./CANopenNode_STM32/CO_driver_STM32.o
                0x0000000008007104                CO_CANsetConfigurationMode
 .text.CO_CANsetNormalMode
                0x0000000008007124       0x30 ./CANopenNode_STM32/CO_driver_STM32.o
                0x0000000008007124                CO_CANsetNormalMode
 .text.CO_CANmodule_init
                0x0000000008007154      0x178 ./CANopenNode_STM32/CO_driver_STM32.o
                0x0000000008007154                CO_CANmodule_init
 .text.CO_CANmodule_disable
                0x00000000080072cc       0x2a ./CANopenNode_STM32/CO_driver_STM32.o
                0x00000000080072cc                CO_CANmodule_disable
 *fill*         0x00000000080072f6        0x2 
 .text.CO_CANrxBufferInit
                0x00000000080072f8       0xbc ./CANopenNode_STM32/CO_driver_STM32.o
                0x00000000080072f8                CO_CANrxBufferInit
 .text.CO_CANtxBufferInit
                0x00000000080073b4       0x74 ./CANopenNode_STM32/CO_driver_STM32.o
                0x00000000080073b4                CO_CANtxBufferInit
 .text.prv_send_can_message
                0x0000000008007428       0x80 ./CANopenNode_STM32/CO_driver_STM32.o
 .text.CO_CANsend
                0x00000000080074a8       0x86 ./CANopenNode_STM32/CO_driver_STM32.o
                0x00000000080074a8                CO_CANsend
 .text.CO_CANclearPendingSyncPDOs
                0x000000000800752e       0xcc ./CANopenNode_STM32/CO_driver_STM32.o
                0x000000000800752e                CO_CANclearPendingSyncPDOs
 .text.CO_CANmodule_process
                0x00000000080075fa       0x90 ./CANopenNode_STM32/CO_driver_STM32.o
                0x00000000080075fa                CO_CANmodule_process
 *fill*         0x000000000800768a        0x2 
 .text.prv_read_can_received_msg
                0x000000000800768c       0xd8 ./CANopenNode_STM32/CO_driver_STM32.o
 .text.HAL_CAN_RxFifo0MsgPendingCallback
                0x0000000008007764       0x1a ./CANopenNode_STM32/CO_driver_STM32.o
                0x0000000008007764                HAL_CAN_RxFifo0MsgPendingCallback
 .text.HAL_CAN_RxFifo1MsgPendingCallback
                0x000000000800777e       0x1a ./CANopenNode_STM32/CO_driver_STM32.o
                0x000000000800777e                HAL_CAN_RxFifo1MsgPendingCallback
 .text.CO_CANinterrupt_TX
                0x0000000008007798       0xa4 ./CANopenNode_STM32/CO_driver_STM32.o
                0x0000000008007798                CO_CANinterrupt_TX
 .text.HAL_CAN_TxMailbox0CompleteCallback
                0x000000000800783c       0x20 ./CANopenNode_STM32/CO_driver_STM32.o
                0x000000000800783c                HAL_CAN_TxMailbox0CompleteCallback
 .text.HAL_CAN_TxMailbox1CompleteCallback
                0x000000000800785c       0x20 ./CANopenNode_STM32/CO_driver_STM32.o
                0x000000000800785c                HAL_CAN_TxMailbox1CompleteCallback
 .text.HAL_CAN_TxMailbox2CompleteCallback
                0x000000000800787c       0x20 ./CANopenNode_STM32/CO_driver_STM32.o
                0x000000000800787c                HAL_CAN_TxMailbox2CompleteCallback
 .text.vApplicationGetIdleTaskMemory
                0x000000000800789c       0x34 ./Core/Src/freertos.o
                0x000000000800789c                vApplicationGetIdleTaskMemory
 .text.main     0x00000000080078d0       0x7c ./Core/Src/main.o
                0x00000000080078d0                main
 .text.SystemClock_Config
                0x000000000800794c       0x8c ./Core/Src/main.o
                0x000000000800794c                SystemClock_Config
 .text.MX_CAN1_Init
                0x00000000080079d8       0x6c ./Core/Src/main.o
 .text.MX_TIM7_Init
                0x0000000008007a44       0x6c ./Core/Src/main.o
 .text.MX_USART1_UART_Init
                0x0000000008007ab0       0x60 ./Core/Src/main.o
 .text.MX_GPIO_Init
                0x0000000008007b10       0x7c ./Core/Src/main.o
 .text.canopen_task
                0x0000000008007b8c       0x54 ./Core/Src/main.o
                0x0000000008007b8c                canopen_task
 .text.blink_task
                0x0000000008007be0       0x1c ./Core/Src/main.o
                0x0000000008007be0                blink_task
 .text.HAL_TIM_PeriodElapsedCallback
                0x0000000008007bfc       0x38 ./Core/Src/main.o
                0x0000000008007bfc                HAL_TIM_PeriodElapsedCallback
 .text.Error_Handler
                0x0000000008007c34        0xa ./Core/Src/main.o
                0x0000000008007c34                Error_Handler
 *fill*         0x0000000008007c3e        0x2 
 .text.HAL_MspInit
                0x0000000008007c40       0x50 ./Core/Src/stm32l4xx_hal_msp.o
                0x0000000008007c40                HAL_MspInit
 .text.HAL_CAN_MspInit
                0x0000000008007c90       0xb8 ./Core/Src/stm32l4xx_hal_msp.o
                0x0000000008007c90                HAL_CAN_MspInit
 .text.HAL_TIM_Base_MspInit
                0x0000000008007d48       0x4c ./Core/Src/stm32l4xx_hal_msp.o
                0x0000000008007d48                HAL_TIM_Base_MspInit
 .text.HAL_UART_MspInit
                0x0000000008007d94       0xc0 ./Core/Src/stm32l4xx_hal_msp.o
                0x0000000008007d94                HAL_UART_MspInit
 .text.HAL_InitTick
                0x0000000008007e54       0xdc ./Core/Src/stm32l4xx_hal_timebase_tim.o
                0x0000000008007e54                HAL_InitTick
 .text.NMI_Handler
                0x0000000008007f30        0x6 ./Core/Src/stm32l4xx_it.o
                0x0000000008007f30                NMI_Handler
 .text.HardFault_Handler
                0x0000000008007f36        0x6 ./Core/Src/stm32l4xx_it.o
                0x0000000008007f36                HardFault_Handler
 .text.MemManage_Handler
                0x0000000008007f3c        0x6 ./Core/Src/stm32l4xx_it.o
                0x0000000008007f3c                MemManage_Handler
 .text.BusFault_Handler
                0x0000000008007f42        0x6 ./Core/Src/stm32l4xx_it.o
                0x0000000008007f42                BusFault_Handler
 .text.UsageFault_Handler
                0x0000000008007f48        0x6 ./Core/Src/stm32l4xx_it.o
                0x0000000008007f48                UsageFault_Handler
 .text.DebugMon_Handler
                0x0000000008007f4e        0xe ./Core/Src/stm32l4xx_it.o
                0x0000000008007f4e                DebugMon_Handler
 .text.CAN1_TX_IRQHandler
                0x0000000008007f5c       0x14 ./Core/Src/stm32l4xx_it.o
                0x0000000008007f5c                CAN1_TX_IRQHandler
 .text.CAN1_RX0_IRQHandler
                0x0000000008007f70       0x14 ./Core/Src/stm32l4xx_it.o
                0x0000000008007f70                CAN1_RX0_IRQHandler
 .text.CAN1_RX1_IRQHandler
                0x0000000008007f84       0x14 ./Core/Src/stm32l4xx_it.o
                0x0000000008007f84                CAN1_RX1_IRQHandler
 .text.TIM1_UP_TIM16_IRQHandler
                0x0000000008007f98       0x14 ./Core/Src/stm32l4xx_it.o
                0x0000000008007f98                TIM1_UP_TIM16_IRQHandler
 .text.USART1_IRQHandler
                0x0000000008007fac       0x14 ./Core/Src/stm32l4xx_it.o
                0x0000000008007fac                USART1_IRQHandler
 .text.TIM7_IRQHandler
                0x0000000008007fc0       0x14 ./Core/Src/stm32l4xx_it.o
                0x0000000008007fc0                TIM7_IRQHandler
 .text._read    0x0000000008007fd4       0x3a ./Core/Src/syscalls.o
                0x0000000008007fd4                _read
 .text._write   0x000000000800800e       0x38 ./Core/Src/syscalls.o
                0x000000000800800e                _write
 .text._close   0x0000000008008046       0x18 ./Core/Src/syscalls.o
                0x0000000008008046                _close
 .text._fstat   0x000000000800805e       0x20 ./Core/Src/syscalls.o
                0x000000000800805e                _fstat
 .text._isatty  0x000000000800807e       0x16 ./Core/Src/syscalls.o
                0x000000000800807e                _isatty
 .text._lseek   0x0000000008008094       0x1a ./Core/Src/syscalls.o
                0x0000000008008094                _lseek
 *fill*         0x00000000080080ae        0x2 
 .text._sbrk    0x00000000080080b0       0x6c ./Core/Src/sysmem.o
                0x00000000080080b0                _sbrk
 .text.SystemInit
                0x000000000800811c       0x24 ./Core/Src/system_stm32l4xx.o
                0x000000000800811c                SystemInit
 .text.Reset_Handler
                0x0000000008008140       0x50 ./Core/Startup/startup_stm32l432kcux.o
                0x0000000008008140                Reset_Handler
 .text.Default_Handler
                0x0000000008008190        0x2 ./Core/Startup/startup_stm32l432kcux.o
                0x0000000008008190                RTC_Alarm_IRQHandler
                0x0000000008008190                EXTI2_IRQHandler
                0x0000000008008190                TIM1_CC_IRQHandler
                0x0000000008008190                TSC_IRQHandler
                0x0000000008008190                TAMP_STAMP_IRQHandler
                0x0000000008008190                EXTI3_IRQHandler
                0x0000000008008190                LPTIM2_IRQHandler
                0x0000000008008190                I2C3_ER_IRQHandler
                0x0000000008008190                EXTI0_IRQHandler
                0x0000000008008190                FPU_IRQHandler
                0x0000000008008190                SPI1_IRQHandler
                0x0000000008008190                TIM6_DAC_IRQHandler
                0x0000000008008190                DMA2_Channel2_IRQHandler
                0x0000000008008190                DMA1_Channel4_IRQHandler
                0x0000000008008190                ADC1_IRQHandler
                0x0000000008008190                DMA1_Channel7_IRQHandler
                0x0000000008008190                DMA2_Channel1_IRQHandler
                0x0000000008008190                QUADSPI_IRQHandler
                0x0000000008008190                I2C1_EV_IRQHandler
                0x0000000008008190                DMA1_Channel6_IRQHandler
                0x0000000008008190                DMA2_Channel4_IRQHandler
                0x0000000008008190                RCC_IRQHandler
                0x0000000008008190                TIM1_TRG_COM_IRQHandler
                0x0000000008008190                DMA1_Channel1_IRQHandler
                0x0000000008008190                Default_Handler
                0x0000000008008190                DMA2_Channel7_IRQHandler
                0x0000000008008190                EXTI15_10_IRQHandler
                0x0000000008008190                I2C3_EV_IRQHandler
                0x0000000008008190                USB_IRQHandler
                0x0000000008008190                EXTI9_5_IRQHandler
                0x0000000008008190                RTC_WKUP_IRQHandler
                0x0000000008008190                PVD_PVM_IRQHandler
                0x0000000008008190                DMA2_Channel5_IRQHandler
                0x0000000008008190                CRS_IRQHandler
                0x0000000008008190                DMA1_Channel5_IRQHandler
                0x0000000008008190                EXTI4_IRQHandler
                0x0000000008008190                RNG_IRQHandler
                0x0000000008008190                DMA1_Channel3_IRQHandler
                0x0000000008008190                COMP_IRQHandler
                0x0000000008008190                WWDG_IRQHandler
                0x0000000008008190                LPUART1_IRQHandler
                0x0000000008008190                DMA2_Channel6_IRQHandler
                0x0000000008008190                TIM2_IRQHandler
                0x0000000008008190                EXTI1_IRQHandler
                0x0000000008008190                USART2_IRQHandler
                0x0000000008008190                DMA1_Channel2_IRQHandler
                0x0000000008008190                CAN1_SCE_IRQHandler
                0x0000000008008190                FLASH_IRQHandler
                0x0000000008008190                SPI3_IRQHandler
                0x0000000008008190                I2C1_ER_IRQHandler
                0x0000000008008190                SWPMI1_IRQHandler
                0x0000000008008190                LPTIM1_IRQHandler
                0x0000000008008190                SAI1_IRQHandler
                0x0000000008008190                DMA2_Channel3_IRQHandler
                0x0000000008008190                TIM1_BRK_TIM15_IRQHandler
 .text.HAL_Init
                0x0000000008008192       0x30 ./Drivers/STM32L4xx_HAL_Driver/Src/stm32l4xx_hal.o
                0x0000000008008192                HAL_Init
 *fill*         0x00000000080081c2        0x2 
 .text.HAL_IncTick
                0x00000000080081c4       0x28 ./Drivers/STM32L4xx_HAL_Driver/Src/stm32l4xx_hal.o
                0x00000000080081c4                HAL_IncTick
 .text.HAL_GetTick
                0x00000000080081ec       0x18 ./Drivers/STM32L4xx_HAL_Driver/Src/stm32l4xx_hal.o
                0x00000000080081ec                HAL_GetTick
 .text.HAL_CAN_Init
                0x0000000008008204      0x1f6 ./Drivers/STM32L4xx_HAL_Driver/Src/stm32l4xx_hal_can.o
                0x0000000008008204                HAL_CAN_Init
 .text.HAL_CAN_ConfigFilter
                0x00000000080083fa      0x194 ./Drivers/STM32L4xx_HAL_Driver/Src/stm32l4xx_hal_can.o
                0x00000000080083fa                HAL_CAN_ConfigFilter
 .text.HAL_CAN_Start
                0x000000000800858e       0x88 ./Drivers/STM32L4xx_HAL_Driver/Src/stm32l4xx_hal_can.o
                0x000000000800858e                HAL_CAN_Start
 .text.HAL_CAN_Stop
                0x0000000008008616       0x92 ./Drivers/STM32L4xx_HAL_Driver/Src/stm32l4xx_hal_can.o
                0x0000000008008616                HAL_CAN_Stop
 .text.HAL_CAN_AddTxMessage
                0x00000000080086a8      0x1a0 ./Drivers/STM32L4xx_HAL_Driver/Src/stm32l4xx_hal_can.o
                0x00000000080086a8                HAL_CAN_AddTxMessage
 .text.HAL_CAN_GetTxMailboxesFreeLevel
                0x0000000008008848       0x6a ./Drivers/STM32L4xx_HAL_Driver/Src/stm32l4xx_hal_can.o
                0x0000000008008848                HAL_CAN_GetTxMailboxesFreeLevel
 .text.HAL_CAN_GetRxMessage
                0x00000000080088b2      0x244 ./Drivers/STM32L4xx_HAL_Driver/Src/stm32l4xx_hal_can.o
                0x00000000080088b2                HAL_CAN_GetRxMessage
 .text.HAL_CAN_ActivateNotification
                0x0000000008008af6       0x4c ./Drivers/STM32L4xx_HAL_Driver/Src/stm32l4xx_hal_can.o
                0x0000000008008af6                HAL_CAN_ActivateNotification
 .text.HAL_CAN_IRQHandler
                0x0000000008008b42      0x36e ./Drivers/STM32L4xx_HAL_Driver/Src/stm32l4xx_hal_can.o
                0x0000000008008b42                HAL_CAN_IRQHandler
 .text.HAL_CAN_TxMailbox0AbortCallback
                0x0000000008008eb0       0x14 ./Drivers/STM32L4xx_HAL_Driver/Src/stm32l4xx_hal_can.o
                0x0000000008008eb0                HAL_CAN_TxMailbox0AbortCallback
 .text.HAL_CAN_TxMailbox1AbortCallback
                0x0000000008008ec4       0x14 ./Drivers/STM32L4xx_HAL_Driver/Src/stm32l4xx_hal_can.o
                0x0000000008008ec4                HAL_CAN_TxMailbox1AbortCallback
 .text.HAL_CAN_TxMailbox2AbortCallback
                0x0000000008008ed8       0x14 ./Drivers/STM32L4xx_HAL_Driver/Src/stm32l4xx_hal_can.o
                0x0000000008008ed8                HAL_CAN_TxMailbox2AbortCallback
 .text.HAL_CAN_RxFifo0FullCallback
                0x0000000008008eec       0x14 ./Drivers/STM32L4xx_HAL_Driver/Src/stm32l4xx_hal_can.o
                0x0000000008008eec                HAL_CAN_RxFifo0FullCallback
 .text.HAL_CAN_RxFifo1FullCallback
                0x0000000008008f00       0x14 ./Drivers/STM32L4xx_HAL_Driver/Src/stm32l4xx_hal_can.o
                0x0000000008008f00                HAL_CAN_RxFifo1FullCallback
 .text.HAL_CAN_SleepCallback
                0x0000000008008f14       0x14 ./Drivers/STM32L4xx_HAL_Driver/Src/stm32l4xx_hal_can.o
                0x0000000008008f14                HAL_CAN_SleepCallback
 .text.HAL_CAN_WakeUpFromRxMsgCallback
                0x0000000008008f28       0x14 ./Drivers/STM32L4xx_HAL_Driver/Src/stm32l4xx_hal_can.o
                0x0000000008008f28                HAL_CAN_WakeUpFromRxMsgCallback
 .text.HAL_CAN_ErrorCallback
                0x0000000008008f3c       0x14 ./Drivers/STM32L4xx_HAL_Driver/Src/stm32l4xx_hal_can.o
                0x0000000008008f3c                HAL_CAN_ErrorCallback
 .text.__NVIC_SetPriorityGrouping
                0x0000000008008f50       0x48 ./Drivers/STM32L4xx_HAL_Driver/Src/stm32l4xx_hal_cortex.o
 .text.__NVIC_GetPriorityGrouping
                0x0000000008008f98       0x1c ./Drivers/STM32L4xx_HAL_Driver/Src/stm32l4xx_hal_cortex.o
 .text.__NVIC_EnableIRQ
                0x0000000008008fb4       0x3c ./Drivers/STM32L4xx_HAL_Driver/Src/stm32l4xx_hal_cortex.o
 .text.__NVIC_SetPriority
                0x0000000008008ff0       0x54 ./Drivers/STM32L4xx_HAL_Driver/Src/stm32l4xx_hal_cortex.o
 .text.NVIC_EncodePriority
                0x0000000008009044       0x66 ./Drivers/STM32L4xx_HAL_Driver/Src/stm32l4xx_hal_cortex.o
 *fill*         0x00000000080090aa        0x2 
 .text.__NVIC_SystemReset
                0x00000000080090ac       0x2c ./Drivers/STM32L4xx_HAL_Driver/Src/stm32l4xx_hal_cortex.o
 .text.HAL_NVIC_SetPriorityGrouping
                0x00000000080090d8       0x16 ./Drivers/STM32L4xx_HAL_Driver/Src/stm32l4xx_hal_cortex.o
                0x00000000080090d8                HAL_NVIC_SetPriorityGrouping
 .text.HAL_NVIC_SetPriority
                0x00000000080090ee       0x38 ./Drivers/STM32L4xx_HAL_Driver/Src/stm32l4xx_hal_cortex.o
                0x00000000080090ee                HAL_NVIC_SetPriority
 .text.HAL_NVIC_EnableIRQ
                0x0000000008009126       0x1c ./Drivers/STM32L4xx_HAL_Driver/Src/stm32l4xx_hal_cortex.o
                0x0000000008009126                HAL_NVIC_EnableIRQ
 .text.HAL_NVIC_SystemReset
                0x0000000008009142        0x8 ./Drivers/STM32L4xx_HAL_Driver/Src/stm32l4xx_hal_cortex.o
                0x0000000008009142                HAL_NVIC_SystemReset
 .text.HAL_DMA_Abort
                0x000000000800914a       0x7c ./Drivers/STM32L4xx_HAL_Driver/Src/stm32l4xx_hal_dma.o
                0x000000000800914a                HAL_DMA_Abort
 .text.HAL_DMA_Abort_IT
                0x00000000080091c6       0x82 ./Drivers/STM32L4xx_HAL_Driver/Src/stm32l4xx_hal_dma.o
                0x00000000080091c6                HAL_DMA_Abort_IT
 .text.HAL_GPIO_Init
                0x0000000008009248      0x2d4 ./Drivers/STM32L4xx_HAL_Driver/Src/stm32l4xx_hal_gpio.o
                0x0000000008009248                HAL_GPIO_Init
 .text.HAL_GPIO_WritePin
                0x000000000800951c       0x30 ./Drivers/STM32L4xx_HAL_Driver/Src/stm32l4xx_hal_gpio.o
                0x000000000800951c                HAL_GPIO_WritePin
 .text.HAL_GPIO_TogglePin
                0x000000000800954c       0x34 ./Drivers/STM32L4xx_HAL_Driver/Src/stm32l4xx_hal_gpio.o
                0x000000000800954c                HAL_GPIO_TogglePin
 .text.HAL_PWREx_GetVoltageRange
                0x0000000008009580       0x1c ./Drivers/STM32L4xx_HAL_Driver/Src/stm32l4xx_hal_pwr_ex.o
                0x0000000008009580                HAL_PWREx_GetVoltageRange
 .text.HAL_PWREx_ControlVoltageScaling
                0x000000000800959c       0xac ./Drivers/STM32L4xx_HAL_Driver/Src/stm32l4xx_hal_pwr_ex.o
                0x000000000800959c                HAL_PWREx_ControlVoltageScaling
 .text.HAL_RCC_OscConfig
                0x0000000008009648      0x828 ./Drivers/STM32L4xx_HAL_Driver/Src/stm32l4xx_hal_rcc.o
                0x0000000008009648                HAL_RCC_OscConfig
 .text.HAL_RCC_ClockConfig
                0x0000000008009e70      0x200 ./Drivers/STM32L4xx_HAL_Driver/Src/stm32l4xx_hal_rcc.o
                0x0000000008009e70                HAL_RCC_ClockConfig
 .text.HAL_RCC_GetSysClockFreq
                0x000000000800a070      0x118 ./Drivers/STM32L4xx_HAL_Driver/Src/stm32l4xx_hal_rcc.o
                0x000000000800a070                HAL_RCC_GetSysClockFreq
 .text.HAL_RCC_GetHCLKFreq
                0x000000000800a188       0x18 ./Drivers/STM32L4xx_HAL_Driver/Src/stm32l4xx_hal_rcc.o
                0x000000000800a188                HAL_RCC_GetHCLKFreq
 .text.HAL_RCC_GetPCLK1Freq
                0x000000000800a1a0       0x2c ./Drivers/STM32L4xx_HAL_Driver/Src/stm32l4xx_hal_rcc.o
                0x000000000800a1a0                HAL_RCC_GetPCLK1Freq
 .text.HAL_RCC_GetPCLK2Freq
                0x000000000800a1cc       0x2c ./Drivers/STM32L4xx_HAL_Driver/Src/stm32l4xx_hal_rcc.o
                0x000000000800a1cc                HAL_RCC_GetPCLK2Freq
 .text.HAL_RCC_GetClockConfig
                0x000000000800a1f8       0x64 ./Drivers/STM32L4xx_HAL_Driver/Src/stm32l4xx_hal_rcc.o
                0x000000000800a1f8                HAL_RCC_GetClockConfig
 .text.RCC_SetFlashLatencyFromMSIRange
                0x000000000800a25c       0xc0 ./Drivers/STM32L4xx_HAL_Driver/Src/stm32l4xx_hal_rcc.o
 .text.HAL_RCCEx_PeriphCLKConfig
                0x000000000800a31c      0x3ec ./Drivers/STM32L4xx_HAL_Driver/Src/stm32l4xx_hal_rcc_ex.o
                0x000000000800a31c                HAL_RCCEx_PeriphCLKConfig
 .text.RCCEx_PLLSAI1_Config
                0x000000000800a708      0x1e4 ./Drivers/STM32L4xx_HAL_Driver/Src/stm32l4xx_hal_rcc_ex.o
 .text.HAL_TIM_Base_Init
                0x000000000800a8ec       0xae ./Drivers/STM32L4xx_HAL_Driver/Src/stm32l4xx_hal_tim.o
                0x000000000800a8ec                HAL_TIM_Base_Init
 *fill*         0x000000000800a99a        0x2 
 .text.HAL_TIM_Base_Start_IT
                0x000000000800a99c       0xa8 ./Drivers/STM32L4xx_HAL_Driver/Src/stm32l4xx_hal_tim.o
                0x000000000800a99c                HAL_TIM_Base_Start_IT
 .text.HAL_TIM_Base_Stop_IT
                0x000000000800aa44       0x5e ./Drivers/STM32L4xx_HAL_Driver/Src/stm32l4xx_hal_tim.o
                0x000000000800aa44                HAL_TIM_Base_Stop_IT
 .text.HAL_TIM_IRQHandler
                0x000000000800aaa2      0x204 ./Drivers/STM32L4xx_HAL_Driver/Src/stm32l4xx_hal_tim.o
                0x000000000800aaa2                HAL_TIM_IRQHandler
 .text.HAL_TIM_OC_DelayElapsedCallback
                0x000000000800aca6       0x14 ./Drivers/STM32L4xx_HAL_Driver/Src/stm32l4xx_hal_tim.o
                0x000000000800aca6                HAL_TIM_OC_DelayElapsedCallback
 .text.HAL_TIM_IC_CaptureCallback
                0x000000000800acba       0x14 ./Drivers/STM32L4xx_HAL_Driver/Src/stm32l4xx_hal_tim.o
                0x000000000800acba                HAL_TIM_IC_CaptureCallback
 .text.HAL_TIM_PWM_PulseFinishedCallback
                0x000000000800acce       0x14 ./Drivers/STM32L4xx_HAL_Driver/Src/stm32l4xx_hal_tim.o
                0x000000000800acce                HAL_TIM_PWM_PulseFinishedCallback
 .text.HAL_TIM_TriggerCallback
                0x000000000800ace2       0x14 ./Drivers/STM32L4xx_HAL_Driver/Src/stm32l4xx_hal_tim.o
                0x000000000800ace2                HAL_TIM_TriggerCallback
 *fill*         0x000000000800acf6        0x2 
 .text.TIM_Base_SetConfig
                0x000000000800acf8       0xc8 ./Drivers/STM32L4xx_HAL_Driver/Src/stm32l4xx_hal_tim.o
                0x000000000800acf8                TIM_Base_SetConfig
 .text.HAL_TIMEx_MasterConfigSynchronization
                0x000000000800adc0       0xcc ./Drivers/STM32L4xx_HAL_Driver/Src/stm32l4xx_hal_tim_ex.o
                0x000000000800adc0                HAL_TIMEx_MasterConfigSynchronization
 .text.HAL_TIMEx_CommutCallback
                0x000000000800ae8c       0x14 ./Drivers/STM32L4xx_HAL_Driver/Src/stm32l4xx_hal_tim_ex.o
                0x000000000800ae8c                HAL_TIMEx_CommutCallback
 .text.HAL_TIMEx_BreakCallback
                0x000000000800aea0       0x14 ./Drivers/STM32L4xx_HAL_Driver/Src/stm32l4xx_hal_tim_ex.o
                0x000000000800aea0                HAL_TIMEx_BreakCallback
 .text.HAL_TIMEx_Break2Callback
                0x000000000800aeb4       0x14 ./Drivers/STM32L4xx_HAL_Driver/Src/stm32l4xx_hal_tim_ex.o
                0x000000000800aeb4                HAL_TIMEx_Break2Callback
 .text.HAL_UART_Init
                0x000000000800aec8       0x9c ./Drivers/STM32L4xx_HAL_Driver/Src/stm32l4xx_hal_uart.o
                0x000000000800aec8                HAL_UART_Init
 .text.HAL_UART_Transmit_IT
                0x000000000800af64       0xbc ./Drivers/STM32L4xx_HAL_Driver/Src/stm32l4xx_hal_uart.o
                0x000000000800af64                HAL_UART_Transmit_IT
 .text.HAL_UART_IRQHandler
                0x000000000800b020      0x5d4 ./Drivers/STM32L4xx_HAL_Driver/Src/stm32l4xx_hal_uart.o
                0x000000000800b020                HAL_UART_IRQHandler
 .text.HAL_UART_TxCpltCallback
                0x000000000800b5f4       0x14 ./Drivers/STM32L4xx_HAL_Driver/Src/stm32l4xx_hal_uart.o
                0x000000000800b5f4                HAL_UART_TxCpltCallback
 .text.HAL_UART_ErrorCallback
                0x000000000800b608       0x14 ./Drivers/STM32L4xx_HAL_Driver/Src/stm32l4xx_hal_uart.o
                0x000000000800b608                HAL_UART_ErrorCallback
 .text.HAL_UARTEx_RxEventCallback
                0x000000000800b61c       0x18 ./Drivers/STM32L4xx_HAL_Driver/Src/stm32l4xx_hal_uart.o
                0x000000000800b61c                HAL_UARTEx_RxEventCallback
 .text.UART_SetConfig
                0x000000000800b634      0x458 ./Drivers/STM32L4xx_HAL_Driver/Src/stm32l4xx_hal_uart.o
                0x000000000800b634                UART_SetConfig
 .text.UART_AdvFeatureConfig
                0x000000000800ba8c      0x144 ./Drivers/STM32L4xx_HAL_Driver/Src/stm32l4xx_hal_uart.o
                0x000000000800ba8c                UART_AdvFeatureConfig
 .text.UART_CheckIdleState
                0x000000000800bbd0      0x150 ./Drivers/STM32L4xx_HAL_Driver/Src/stm32l4xx_hal_uart.o
                0x000000000800bbd0                UART_CheckIdleState
 .text.UART_WaitOnFlagUntilTimeout
                0x000000000800bd20       0xce ./Drivers/STM32L4xx_HAL_Driver/Src/stm32l4xx_hal_uart.o
                0x000000000800bd20                UART_WaitOnFlagUntilTimeout
 .text.UART_EndRxTransfer
                0x000000000800bdee       0xc8 ./Drivers/STM32L4xx_HAL_Driver/Src/stm32l4xx_hal_uart.o
 .text.UART_DMAAbortOnError
                0x000000000800beb6       0x2c ./Drivers/STM32L4xx_HAL_Driver/Src/stm32l4xx_hal_uart.o
 .text.UART_TxISR_8BIT
                0x000000000800bee2       0xb8 ./Drivers/STM32L4xx_HAL_Driver/Src/stm32l4xx_hal_uart.o
 .text.UART_TxISR_16BIT
                0x000000000800bf9a       0xc0 ./Drivers/STM32L4xx_HAL_Driver/Src/stm32l4xx_hal_uart.o
 .text.UART_EndTransmit_IT
                0x000000000800c05a       0x54 ./Drivers/STM32L4xx_HAL_Driver/Src/stm32l4xx_hal_uart.o
 .text.HAL_UARTEx_WakeupCallback
                0x000000000800c0ae       0x14 ./Drivers/STM32L4xx_HAL_Driver/Src/stm32l4xx_hal_uart_ex.o
                0x000000000800c0ae                HAL_UARTEx_WakeupCallback
 .text.makeFreeRtosPriority
                0x000000000800c0c2       0x30 ./Middlewares/Third_Party/FreeRTOS/Source/CMSIS_RTOS/cmsis_os.o
 .text.osKernelStart
                0x000000000800c0f2        0xe ./Middlewares/Third_Party/FreeRTOS/Source/CMSIS_RTOS/cmsis_os.o
                0x000000000800c0f2                osKernelStart
 .text.osThreadCreate
                0x000000000800c100       0x98 ./Middlewares/Third_Party/FreeRTOS/Source/CMSIS_RTOS/cmsis_os.o
                0x000000000800c100                osThreadCreate
 .text.osDelay  0x000000000800c198       0x28 ./Middlewares/Third_Party/FreeRTOS/Source/CMSIS_RTOS/cmsis_os.o
                0x000000000800c198                osDelay
 .text.vListInitialise
                0x000000000800c1c0       0x40 ./Middlewares/Third_Party/FreeRTOS/Source/list.o
                0x000000000800c1c0                vListInitialise
 .text.vListInitialiseItem
                0x000000000800c200       0x1a ./Middlewares/Third_Party/FreeRTOS/Source/list.o
                0x000000000800c200                vListInitialiseItem
 .text.vListInsertEnd
                0x000000000800c21a       0x48 ./Middlewares/Third_Party/FreeRTOS/Source/list.o
                0x000000000800c21a                vListInsertEnd
 .text.vListInsert
                0x000000000800c262       0x72 ./Middlewares/Third_Party/FreeRTOS/Source/list.o
                0x000000000800c262                vListInsert
 .text.uxListRemove
                0x000000000800c2d4       0x54 ./Middlewares/Third_Party/FreeRTOS/Source/list.o
                0x000000000800c2d4                uxListRemove
 .text.xTaskCreateStatic
                0x000000000800c328       0xba ./Middlewares/Third_Party/FreeRTOS/Source/tasks.o
                0x000000000800c328                xTaskCreateStatic
 .text.xTaskCreate
                0x000000000800c3e2       0x8a ./Middlewares/Third_Party/FreeRTOS/Source/tasks.o
                0x000000000800c3e2                xTaskCreate
 .text.prvInitialiseNewTask
                0x000000000800c46c      0x13c ./Middlewares/Third_Party/FreeRTOS/Source/tasks.o
 .text.prvAddNewTaskToReadyList
                0x000000000800c5a8       0xd4 ./Middlewares/Third_Party/FreeRTOS/Source/tasks.o
 .text.vTaskDelay
                0x000000000800c67c       0x68 ./Middlewares/Third_Party/FreeRTOS/Source/tasks.o
                0x000000000800c67c                vTaskDelay
 .text.vTaskStartScheduler
                0x000000000800c6e4       0xd4 ./Middlewares/Third_Party/FreeRTOS/Source/tasks.o
                0x000000000800c6e4                vTaskStartScheduler
 .text.vTaskSuspendAll
                0x000000000800c7b8       0x1c ./Middlewares/Third_Party/FreeRTOS/Source/tasks.o
                0x000000000800c7b8                vTaskSuspendAll
 .text.xTaskResumeAll
                0x000000000800c7d4      0x138 ./Middlewares/Third_Party/FreeRTOS/Source/tasks.o
                0x000000000800c7d4                xTaskResumeAll
 .text.xTaskIncrementTick
                0x000000000800c90c      0x170 ./Middlewares/Third_Party/FreeRTOS/Source/tasks.o
                0x000000000800c90c                xTaskIncrementTick
 .text.vTaskSwitchContext
                0x000000000800ca7c       0xc4 ./Middlewares/Third_Party/FreeRTOS/Source/tasks.o
                0x000000000800ca7c                vTaskSwitchContext
 .text.prvIdleTask
                0x000000000800cb40       0x30 ./Middlewares/Third_Party/FreeRTOS/Source/tasks.o
 .text.prvInitialiseTaskLists
                0x000000000800cb70       0x80 ./Middlewares/Third_Party/FreeRTOS/Source/tasks.o
 .text.prvCheckTasksWaitingTermination
                0x000000000800cbf0       0x5c ./Middlewares/Third_Party/FreeRTOS/Source/tasks.o
 .text.prvDeleteTCB
                0x000000000800cc4c       0x68 ./Middlewares/Third_Party/FreeRTOS/Source/tasks.o
 .text.prvResetNextTaskUnblockTime
                0x000000000800ccb4       0x40 ./Middlewares/Third_Party/FreeRTOS/Source/tasks.o
 .text.prvAddCurrentTaskToDelayedList
                0x000000000800ccf4       0xcc ./Middlewares/Third_Party/FreeRTOS/Source/tasks.o
 .text.pxPortInitialiseStack
                0x000000000800cdc0       0x68 ./Middlewares/Third_Party/FreeRTOS/Source/portable/GCC/ARM_CM4F/port.o
                0x000000000800cdc0                pxPortInitialiseStack
 .text.prvTaskExitError
                0x000000000800ce28       0x58 ./Middlewares/Third_Party/FreeRTOS/Source/portable/GCC/ARM_CM4F/port.o
 .text.SVC_Handler
                0x000000000800ce80       0x28 ./Middlewares/Third_Party/FreeRTOS/Source/portable/GCC/ARM_CM4F/port.o
                0x000000000800ce80                SVC_Handler
 .text.prvPortStartFirstTask
                0x000000000800cea8       0x28 ./Middlewares/Third_Party/FreeRTOS/Source/portable/GCC/ARM_CM4F/port.o
 .text.xPortStartScheduler
                0x000000000800ced0      0x144 ./Middlewares/Third_Party/FreeRTOS/Source/portable/GCC/ARM_CM4F/port.o
                0x000000000800ced0                xPortStartScheduler
 .text.vPortEnterCritical
                0x000000000800d014       0x60 ./Middlewares/Third_Party/FreeRTOS/Source/portable/GCC/ARM_CM4F/port.o
                0x000000000800d014                vPortEnterCritical
 .text.vPortExitCritical
                0x000000000800d074       0x54 ./Middlewares/Third_Party/FreeRTOS/Source/portable/GCC/ARM_CM4F/port.o
                0x000000000800d074                vPortExitCritical
 *fill*         0x000000000800d0c8        0x8 
 .text.PendSV_Handler
                0x000000000800d0d0       0x68 ./Middlewares/Third_Party/FreeRTOS/Source/portable/GCC/ARM_CM4F/port.o
                0x000000000800d0d0                PendSV_Handler
 .text.SysTick_Handler
                0x000000000800d138       0x44 ./Middlewares/Third_Party/FreeRTOS/Source/portable/GCC/ARM_CM4F/port.o
                0x000000000800d138                SysTick_Handler
 .text.vPortSetupTimerInterrupt
                0x000000000800d17c       0x48 ./Middlewares/Third_Party/FreeRTOS/Source/portable/GCC/ARM_CM4F/port.o
                0x000000000800d17c                vPortSetupTimerInterrupt
 .text.vPortEnableVFP
                0x000000000800d1c4       0x14 ./Middlewares/Third_Party/FreeRTOS/Source/portable/GCC/ARM_CM4F/port.o
 .text.pvPortMalloc
                0x000000000800d1d8      0x198 ./Middlewares/Third_Party/FreeRTOS/Source/portable/MemMang/heap_4.o
                0x000000000800d1d8                pvPortMalloc
 .text.vPortFree
                0x000000000800d370       0xc4 ./Middlewares/Third_Party/FreeRTOS/Source/portable/MemMang/heap_4.o
                0x000000000800d370                vPortFree
 .text.prvHeapInit
                0x000000000800d434       0xc4 ./Middlewares/Third_Party/FreeRTOS/Source/portable/MemMang/heap_4.o
 .text.prvInsertBlockIntoFreeList
                0x000000000800d4f8       0xb4 ./Middlewares/Third_Party/FreeRTOS/Source/portable/MemMang/heap_4.o
 .text.calloc   0x000000000800d5ac       0x10 C:/ST/STM32CubeIDE_1.14.0/STM32CubeIDE/plugins/com.st.stm32cube.ide.mcu.externaltools.gnu-tools-for-stm32.11.3.rel1.win32_1.1.100.202309141235/tools/bin/../lib/gcc/arm-none-eabi/11.3.1/../../../../arm-none-eabi/lib/thumb/v7e-m+fp/hard\libc_nano.a(libc_a-calloc.o)
                0x000000000800d5ac                calloc
 .text._calloc_r
                0x000000000800d5bc       0x2c C:/ST/STM32CubeIDE_1.14.0/STM32CubeIDE/plugins/com.st.stm32cube.ide.mcu.externaltools.gnu-tools-for-stm32.11.3.rel1.win32_1.1.100.202309141235/tools/bin/../lib/gcc/arm-none-eabi/11.3.1/../../../../arm-none-eabi/lib/thumb/v7e-m+fp/hard\libc_nano.a(libc_a-callocr.o)
                0x000000000800d5bc                _calloc_r
 .text.free     0x000000000800d5e8       0x10 C:/ST/STM32CubeIDE_1.14.0/STM32CubeIDE/plugins/com.st.stm32cube.ide.mcu.externaltools.gnu-tools-for-stm32.11.3.rel1.win32_1.1.100.202309141235/tools/bin/../lib/gcc/arm-none-eabi/11.3.1/../../../../arm-none-eabi/lib/thumb/v7e-m+fp/hard\libc_nano.a(libc_a-malloc.o)
                0x000000000800d5e8                free
 .text.sbrk_aligned
                0x000000000800d5f8       0x40 C:/ST/STM32CubeIDE_1.14.0/STM32CubeIDE/plugins/com.st.stm32cube.ide.mcu.externaltools.gnu-tools-for-stm32.11.3.rel1.win32_1.1.100.202309141235/tools/bin/../lib/gcc/arm-none-eabi/11.3.1/../../../../arm-none-eabi/lib/thumb/v7e-m+fp/hard\libc_nano.a(libc_a-mallocr.o)
 .text._malloc_r
                0x000000000800d638      0x100 C:/ST/STM32CubeIDE_1.14.0/STM32CubeIDE/plugins/com.st.stm32cube.ide.mcu.externaltools.gnu-tools-for-stm32.11.3.rel1.win32_1.1.100.202309141235/tools/bin/../lib/gcc/arm-none-eabi/11.3.1/../../../../arm-none-eabi/lib/thumb/v7e-m+fp/hard\libc_nano.a(libc_a-mallocr.o)
                0x000000000800d638                _malloc_r
 .text.__malloc_lock
                0x000000000800d738        0xc C:/ST/STM32CubeIDE_1.14.0/STM32CubeIDE/plugins/com.st.stm32cube.ide.mcu.externaltools.gnu-tools-for-stm32.11.3.rel1.win32_1.1.100.202309141235/tools/bin/../lib/gcc/arm-none-eabi/11.3.1/../../../../arm-none-eabi/lib/thumb/v7e-m+fp/hard\libc_nano.a(libc_a-mlock.o)
                0x000000000800d738                __malloc_lock
 .text.__malloc_unlock
                0x000000000800d744        0xc C:/ST/STM32CubeIDE_1.14.0/STM32CubeIDE/plugins/com.st.stm32cube.ide.mcu.externaltools.gnu-tools-for-stm32.11.3.rel1.win32_1.1.100.202309141235/tools/bin/../lib/gcc/arm-none-eabi/11.3.1/../../../../arm-none-eabi/lib/thumb/v7e-m+fp/hard\libc_nano.a(libc_a-mlock.o)
                0x000000000800d744                __malloc_unlock
 .text.__sflush_r
                0x000000000800d750      0x10c C:/ST/STM32CubeIDE_1.14.0/STM32CubeIDE/plugins/com.st.stm32cube.ide.mcu.externaltools.gnu-tools-for-stm32.11.3.rel1.win32_1.1.100.202309141235/tools/bin/../lib/gcc/arm-none-eabi/11.3.1/../../../../arm-none-eabi/lib/thumb/v7e-m+fp/hard\libc_nano.a(libc_a-fflush.o)
                0x000000000800d750                __sflush_r
 .text._fflush_r
                0x000000000800d85c       0x50 C:/ST/STM32CubeIDE_1.14.0/STM32CubeIDE/plugins/com.st.stm32cube.ide.mcu.externaltools.gnu-tools-for-stm32.11.3.rel1.win32_1.1.100.202309141235/tools/bin/../lib/gcc/arm-none-eabi/11.3.1/../../../../arm-none-eabi/lib/thumb/v7e-m+fp/hard\libc_nano.a(libc_a-fflush.o)
                0x000000000800d85c                _fflush_r
 .text.fflush   0x000000000800d8ac       0x28 C:/ST/STM32CubeIDE_1.14.0/STM32CubeIDE/plugins/com.st.stm32cube.ide.mcu.externaltools.gnu-tools-for-stm32.11.3.rel1.win32_1.1.100.202309141235/tools/bin/../lib/gcc/arm-none-eabi/11.3.1/../../../../arm-none-eabi/lib/thumb/v7e-m+fp/hard\libc_nano.a(libc_a-fflush.o)
                0x000000000800d8ac                fflush
 .text.std      0x000000000800d8d4       0x6c C:/ST/STM32CubeIDE_1.14.0/STM32CubeIDE/plugins/com.st.stm32cube.ide.mcu.externaltools.gnu-tools-for-stm32.11.3.rel1.win32_1.1.100.202309141235/tools/bin/../lib/gcc/arm-none-eabi/11.3.1/../../../../arm-none-eabi/lib/thumb/v7e-m+fp/hard\libc_nano.a(libc_a-findfp.o)
 .text.stdio_exit_handler
                0x000000000800d940       0x18 C:/ST/STM32CubeIDE_1.14.0/STM32CubeIDE/plugins/com.st.stm32cube.ide.mcu.externaltools.gnu-tools-for-stm32.11.3.rel1.win32_1.1.100.202309141235/tools/bin/../lib/gcc/arm-none-eabi/11.3.1/../../../../arm-none-eabi/lib/thumb/v7e-m+fp/hard\libc_nano.a(libc_a-findfp.o)
 .text.cleanup_stdio
                0x000000000800d958       0x40 C:/ST/STM32CubeIDE_1.14.0/STM32CubeIDE/plugins/com.st.stm32cube.ide.mcu.externaltools.gnu-tools-for-stm32.11.3.rel1.win32_1.1.100.202309141235/tools/bin/../lib/gcc/arm-none-eabi/11.3.1/../../../../arm-none-eabi/lib/thumb/v7e-m+fp/hard\libc_nano.a(libc_a-findfp.o)
 .text.global_stdio_init.part.0
                0x000000000800d998       0x3c C:/ST/STM32CubeIDE_1.14.0/STM32CubeIDE/plugins/com.st.stm32cube.ide.mcu.externaltools.gnu-tools-for-stm32.11.3.rel1.win32_1.1.100.202309141235/tools/bin/../lib/gcc/arm-none-eabi/11.3.1/../../../../arm-none-eabi/lib/thumb/v7e-m+fp/hard\libc_nano.a(libc_a-findfp.o)
 .text.__sfp_lock_acquire
                0x000000000800d9d4        0xc C:/ST/STM32CubeIDE_1.14.0/STM32CubeIDE/plugins/com.st.stm32cube.ide.mcu.externaltools.gnu-tools-for-stm32.11.3.rel1.win32_1.1.100.202309141235/tools/bin/../lib/gcc/arm-none-eabi/11.3.1/../../../../arm-none-eabi/lib/thumb/v7e-m+fp/hard\libc_nano.a(libc_a-findfp.o)
                0x000000000800d9d4                __sfp_lock_acquire
 .text.__sfp_lock_release
                0x000000000800d9e0        0xc C:/ST/STM32CubeIDE_1.14.0/STM32CubeIDE/plugins/com.st.stm32cube.ide.mcu.externaltools.gnu-tools-for-stm32.11.3.rel1.win32_1.1.100.202309141235/tools/bin/../lib/gcc/arm-none-eabi/11.3.1/../../../../arm-none-eabi/lib/thumb/v7e-m+fp/hard\libc_nano.a(libc_a-findfp.o)
                0x000000000800d9e0                __sfp_lock_release
 .text.__sinit  0x000000000800d9ec       0x30 C:/ST/STM32CubeIDE_1.14.0/STM32CubeIDE/plugins/com.st.stm32cube.ide.mcu.externaltools.gnu-tools-for-stm32.11.3.rel1.win32_1.1.100.202309141235/tools/bin/../lib/gcc/arm-none-eabi/11.3.1/../../../../arm-none-eabi/lib/thumb/v7e-m+fp/hard\libc_nano.a(libc_a-findfp.o)
                0x000000000800d9ec                __sinit
 .text._fwalk_sglue
                0x000000000800da1c       0x3c C:/ST/STM32CubeIDE_1.14.0/STM32CubeIDE/plugins/com.st.stm32cube.ide.mcu.externaltools.gnu-tools-for-stm32.11.3.rel1.win32_1.1.100.202309141235/tools/bin/../lib/gcc/arm-none-eabi/11.3.1/../../../../arm-none-eabi/lib/thumb/v7e-m+fp/hard\libc_nano.a(libc_a-fwalk.o)
                0x000000000800da1c                _fwalk_sglue
 .text.printf   0x000000000800da58       0x24 C:/ST/STM32CubeIDE_1.14.0/STM32CubeIDE/plugins/com.st.stm32cube.ide.mcu.externaltools.gnu-tools-for-stm32.11.3.rel1.win32_1.1.100.202309141235/tools/bin/../lib/gcc/arm-none-eabi/11.3.1/../../../../arm-none-eabi/lib/thumb/v7e-m+fp/hard\libc_nano.a(libc_a-printf.o)
                0x000000000800da58                iprintf
                0x000000000800da58                printf
 .text._puts_r  0x000000000800da7c       0xa8 C:/ST/STM32CubeIDE_1.14.0/STM32CubeIDE/plugins/com.st.stm32cube.ide.mcu.externaltools.gnu-tools-for-stm32.11.3.rel1.win32_1.1.100.202309141235/tools/bin/../lib/gcc/arm-none-eabi/11.3.1/../../../../arm-none-eabi/lib/thumb/v7e-m+fp/hard\libc_nano.a(libc_a-puts.o)
                0x000000000800da7c                _puts_r
 .text.puts     0x000000000800db24       0x10 C:/ST/STM32CubeIDE_1.14.0/STM32CubeIDE/plugins/com.st.stm32cube.ide.mcu.externaltools.gnu-tools-for-stm32.11.3.rel1.win32_1.1.100.202309141235/tools/bin/../lib/gcc/arm-none-eabi/11.3.1/../../../../arm-none-eabi/lib/thumb/v7e-m+fp/hard\libc_nano.a(libc_a-puts.o)
                0x000000000800db24                puts
 .text.__sread  0x000000000800db34       0x22 C:/ST/STM32CubeIDE_1.14.0/STM32CubeIDE/plugins/com.st.stm32cube.ide.mcu.externaltools.gnu-tools-for-stm32.11.3.rel1.win32_1.1.100.202309141235/tools/bin/../lib/gcc/arm-none-eabi/11.3.1/../../../../arm-none-eabi/lib/thumb/v7e-m+fp/hard\libc_nano.a(libc_a-stdio.o)
                0x000000000800db34                __sread
 .text.__swrite
                0x000000000800db56       0x38 C:/ST/STM32CubeIDE_1.14.0/STM32CubeIDE/plugins/com.st.stm32cube.ide.mcu.externaltools.gnu-tools-for-stm32.11.3.rel1.win32_1.1.100.202309141235/tools/bin/../lib/gcc/arm-none-eabi/11.3.1/../../../../arm-none-eabi/lib/thumb/v7e-m+fp/hard\libc_nano.a(libc_a-stdio.o)
                0x000000000800db56                __swrite
 .text.__sseek  0x000000000800db8e       0x24 C:/ST/STM32CubeIDE_1.14.0/STM32CubeIDE/plugins/com.st.stm32cube.ide.mcu.externaltools.gnu-tools-for-stm32.11.3.rel1.win32_1.1.100.202309141235/tools/bin/../lib/gcc/arm-none-eabi/11.3.1/../../../../arm-none-eabi/lib/thumb/v7e-m+fp/hard\libc_nano.a(libc_a-stdio.o)
                0x000000000800db8e                __sseek
 .text.__sclose
                0x000000000800dbb2        0x8 C:/ST/STM32CubeIDE_1.14.0/STM32CubeIDE/plugins/com.st.stm32cube.ide.mcu.externaltools.gnu-tools-for-stm32.11.3.rel1.win32_1.1.100.202309141235/tools/bin/../lib/gcc/arm-none-eabi/11.3.1/../../../../arm-none-eabi/lib/thumb/v7e-m+fp/hard\libc_nano.a(libc_a-stdio.o)
                0x000000000800dbb2                __sclose
 .text.__swbuf_r
                0x000000000800dbba       0x7a C:/ST/STM32CubeIDE_1.14.0/STM32CubeIDE/plugins/com.st.stm32cube.ide.mcu.externaltools.gnu-tools-for-stm32.11.3.rel1.win32_1.1.100.202309141235/tools/bin/../lib/gcc/arm-none-eabi/11.3.1/../../../../arm-none-eabi/lib/thumb/v7e-m+fp/hard\libc_nano.a(libc_a-wbuf.o)
                0x000000000800dbba                __swbuf_r
 .text.__swsetup_r
                0x000000000800dc34       0xb0 C:/ST/STM32CubeIDE_1.14.0/STM32CubeIDE/plugins/com.st.stm32cube.ide.mcu.externaltools.gnu-tools-for-stm32.11.3.rel1.win32_1.1.100.202309141235/tools/bin/../lib/gcc/arm-none-eabi/11.3.1/../../../../arm-none-eabi/lib/thumb/v7e-m+fp/hard\libc_nano.a(libc_a-wsetup.o)
                0x000000000800dc34                __swsetup_r
 .text.memmove  0x000000000800dce4       0x34 C:/ST/STM32CubeIDE_1.14.0/STM32CubeIDE/plugins/com.st.stm32cube.ide.mcu.externaltools.gnu-tools-for-stm32.11.3.rel1.win32_1.1.100.202309141235/tools/bin/../lib/gcc/arm-none-eabi/11.3.1/../../../../arm-none-eabi/lib/thumb/v7e-m+fp/hard\libc_nano.a(libc_a-memmove.o)
                0x000000000800dce4                memmove
 .text.memset   0x000000000800dd18       0x10 C:/ST/STM32CubeIDE_1.14.0/STM32CubeIDE/plugins/com.st.stm32cube.ide.mcu.externaltools.gnu-tools-for-stm32.11.3.rel1.win32_1.1.100.202309141235/tools/bin/../lib/gcc/arm-none-eabi/11.3.1/../../../../arm-none-eabi/lib/thumb/v7e-m+fp/hard\libc_nano.a(libc_a-memset.o)
                0x000000000800dd18                memset
 .text._close_r
                0x000000000800dd28       0x20 C:/ST/STM32CubeIDE_1.14.0/STM32CubeIDE/plugins/com.st.stm32cube.ide.mcu.externaltools.gnu-tools-for-stm32.11.3.rel1.win32_1.1.100.202309141235/tools/bin/../lib/gcc/arm-none-eabi/11.3.1/../../../../arm-none-eabi/lib/thumb/v7e-m+fp/hard\libc_nano.a(libc_a-closer.o)
                0x000000000800dd28                _close_r
 .text._reclaim_reent
                0x000000000800dd48       0xac C:/ST/STM32CubeIDE_1.14.0/STM32CubeIDE/plugins/com.st.stm32cube.ide.mcu.externaltools.gnu-tools-for-stm32.11.3.rel1.win32_1.1.100.202309141235/tools/bin/../lib/gcc/arm-none-eabi/11.3.1/../../../../arm-none-eabi/lib/thumb/v7e-m+fp/hard\libc_nano.a(libc_a-reent.o)
                0x000000000800dd48                _reclaim_reent
 .text._lseek_r
                0x000000000800ddf4       0x24 C:/ST/STM32CubeIDE_1.14.0/STM32CubeIDE/plugins/com.st.stm32cube.ide.mcu.externaltools.gnu-tools-for-stm32.11.3.rel1.win32_1.1.100.202309141235/tools/bin/../lib/gcc/arm-none-eabi/11.3.1/../../../../arm-none-eabi/lib/thumb/v7e-m+fp/hard\libc_nano.a(libc_a-lseekr.o)
                0x000000000800ddf4                _lseek_r
 .text._read_r  0x000000000800de18       0x24 C:/ST/STM32CubeIDE_1.14.0/STM32CubeIDE/plugins/com.st.stm32cube.ide.mcu.externaltools.gnu-tools-for-stm32.11.3.rel1.win32_1.1.100.202309141235/tools/bin/../lib/gcc/arm-none-eabi/11.3.1/../../../../arm-none-eabi/lib/thumb/v7e-m+fp/hard\libc_nano.a(libc_a-readr.o)
                0x000000000800de18                _read_r
 .text._sbrk_r  0x000000000800de3c       0x20 C:/ST/STM32CubeIDE_1.14.0/STM32CubeIDE/plugins/com.st.stm32cube.ide.mcu.externaltools.gnu-tools-for-stm32.11.3.rel1.win32_1.1.100.202309141235/tools/bin/../lib/gcc/arm-none-eabi/11.3.1/../../../../arm-none-eabi/lib/thumb/v7e-m+fp/hard\libc_nano.a(libc_a-sbrkr.o)
                0x000000000800de3c                _sbrk_r
 .text._write_r
                0x000000000800de5c       0x24 C:/ST/STM32CubeIDE_1.14.0/STM32CubeIDE/plugins/com.st.stm32cube.ide.mcu.externaltools.gnu-tools-for-stm32.11.3.rel1.win32_1.1.100.202309141235/tools/bin/../lib/gcc/arm-none-eabi/11.3.1/../../../../arm-none-eabi/lib/thumb/v7e-m+fp/hard\libc_nano.a(libc_a-writer.o)
                0x000000000800de5c                _write_r
 .text.__errno  0x000000000800de80        0xc C:/ST/STM32CubeIDE_1.14.0/STM32CubeIDE/plugins/com.st.stm32cube.ide.mcu.externaltools.gnu-tools-for-stm32.11.3.rel1.win32_1.1.100.202309141235/tools/bin/../lib/gcc/arm-none-eabi/11.3.1/../../../../arm-none-eabi/lib/thumb/v7e-m+fp/hard\libc_nano.a(libc_a-errno.o)
                0x000000000800de80                __errno
 .text.__libc_init_array
                0x000000000800de8c       0x48 C:/ST/STM32CubeIDE_1.14.0/STM32CubeIDE/plugins/com.st.stm32cube.ide.mcu.externaltools.gnu-tools-for-stm32.11.3.rel1.win32_1.1.100.202309141235/tools/bin/../lib/gcc/arm-none-eabi/11.3.1/../../../../arm-none-eabi/lib/thumb/v7e-m+fp/hard\libc_nano.a(libc_a-init.o)
                0x000000000800de8c                __libc_init_array
 .text.__retarget_lock_init_recursive
                0x000000000800ded4        0x2 C:/ST/STM32CubeIDE_1.14.0/STM32CubeIDE/plugins/com.st.stm32cube.ide.mcu.externaltools.gnu-tools-for-stm32.11.3.rel1.win32_1.1.100.202309141235/tools/bin/../lib/gcc/arm-none-eabi/11.3.1/../../../../arm-none-eabi/lib/thumb/v7e-m+fp/hard\libc_nano.a(libc_a-lock.o)
                0x000000000800ded4                __retarget_lock_init_recursive
 .text.__retarget_lock_acquire_recursive
                0x000000000800ded6        0x2 C:/ST/STM32CubeIDE_1.14.0/STM32CubeIDE/plugins/com.st.stm32cube.ide.mcu.externaltools.gnu-tools-for-stm32.11.3.rel1.win32_1.1.100.202309141235/tools/bin/../lib/gcc/arm-none-eabi/11.3.1/../../../../arm-none-eabi/lib/thumb/v7e-m+fp/hard\libc_nano.a(libc_a-lock.o)
                0x000000000800ded6                __retarget_lock_acquire_recursive
 .text.__retarget_lock_release_recursive
                0x000000000800ded8        0x2 C:/ST/STM32CubeIDE_1.14.0/STM32CubeIDE/plugins/com.st.stm32cube.ide.mcu.externaltools.gnu-tools-for-stm32.11.3.rel1.win32_1.1.100.202309141235/tools/bin/../lib/gcc/arm-none-eabi/11.3.1/../../../../arm-none-eabi/lib/thumb/v7e-m+fp/hard\libc_nano.a(libc_a-lock.o)
                0x000000000800ded8                __retarget_lock_release_recursive
 .text.memcpy   0x000000000800deda       0x1c C:/ST/STM32CubeIDE_1.14.0/STM32CubeIDE/plugins/com.st.stm32cube.ide.mcu.externaltools.gnu-tools-for-stm32.11.3.rel1.win32_1.1.100.202309141235/tools/bin/../lib/gcc/arm-none-eabi/11.3.1/../../../../arm-none-eabi/lib/thumb/v7e-m+fp/hard\libc_nano.a(libc_a-memcpy-stub.o)
                0x000000000800deda                memcpy
 *fill*         0x000000000800def6        0x2 
 .text._free_r  0x000000000800def8       0x98 C:/ST/STM32CubeIDE_1.14.0/STM32CubeIDE/plugins/com.st.stm32cube.ide.mcu.externaltools.gnu-tools-for-stm32.11.3.rel1.win32_1.1.100.202309141235/tools/bin/../lib/gcc/arm-none-eabi/11.3.1/../../../../arm-none-eabi/lib/thumb/v7e-m+fp/hard\libc_nano.a(libc_a-freer.o)
                0x000000000800def8                _free_r
 .text.__sfputc_r
                0x000000000800df90       0x2e C:/ST/STM32CubeIDE_1.14.0/STM32CubeIDE/plugins/com.st.stm32cube.ide.mcu.externaltools.gnu-tools-for-stm32.11.3.rel1.win32_1.1.100.202309141235/tools/bin/../lib/gcc/arm-none-eabi/11.3.1/../../../../arm-none-eabi/lib/thumb/v7e-m+fp/hard\libc_nano.a(libc_a-nano-vfprintf.o)
 .text.__sfputs_r
                0x000000000800dfbe       0x24 C:/ST/STM32CubeIDE_1.14.0/STM32CubeIDE/plugins/com.st.stm32cube.ide.mcu.externaltools.gnu-tools-for-stm32.11.3.rel1.win32_1.1.100.202309141235/tools/bin/../lib/gcc/arm-none-eabi/11.3.1/../../../../arm-none-eabi/lib/thumb/v7e-m+fp/hard\libc_nano.a(libc_a-nano-vfprintf.o)
                0x000000000800dfbe                __sfputs_r
 *fill*         0x000000000800dfe2        0x2 
 .text._vfprintf_r
                0x000000000800dfe4      0x234 C:/ST/STM32CubeIDE_1.14.0/STM32CubeIDE/plugins/com.st.stm32cube.ide.mcu.externaltools.gnu-tools-for-stm32.11.3.rel1.win32_1.1.100.202309141235/tools/bin/../lib/gcc/arm-none-eabi/11.3.1/../../../../arm-none-eabi/lib/thumb/v7e-m+fp/hard\libc_nano.a(libc_a-nano-vfprintf.o)
                0x000000000800dfe4                _vfprintf_r
                0x000000000800dfe4                _vfiprintf_r
 .text._printf_common
                0x000000000800e218       0xda C:/ST/STM32CubeIDE_1.14.0/STM32CubeIDE/plugins/com.st.stm32cube.ide.mcu.externaltools.gnu-tools-for-stm32.11.3.rel1.win32_1.1.100.202309141235/tools/bin/../lib/gcc/arm-none-eabi/11.3.1/../../../../arm-none-eabi/lib/thumb/v7e-m+fp/hard\libc_nano.a(libc_a-nano-vfprintf_i.o)
                0x000000000800e218                _printf_common
 *fill*         0x000000000800e2f2        0x2 
 .text._printf_i
                0x000000000800e2f4      0x244 C:/ST/STM32CubeIDE_1.14.0/STM32CubeIDE/plugins/com.st.stm32cube.ide.mcu.externaltools.gnu-tools-for-stm32.11.3.rel1.win32_1.1.100.202309141235/tools/bin/../lib/gcc/arm-none-eabi/11.3.1/../../../../arm-none-eabi/lib/thumb/v7e-m+fp/hard\libc_nano.a(libc_a-nano-vfprintf_i.o)
                0x000000000800e2f4                _printf_i
 .text.__swhatbuf_r
                0x000000000800e538       0x4c C:/ST/STM32CubeIDE_1.14.0/STM32CubeIDE/plugins/com.st.stm32cube.ide.mcu.externaltools.gnu-tools-for-stm32.11.3.rel1.win32_1.1.100.202309141235/tools/bin/../lib/gcc/arm-none-eabi/11.3.1/../../../../arm-none-eabi/lib/thumb/v7e-m+fp/hard\libc_nano.a(libc_a-makebuf.o)
                0x000000000800e538                __swhatbuf_r
 .text.__smakebuf_r
                0x000000000800e584       0x78 C:/ST/STM32CubeIDE_1.14.0/STM32CubeIDE/plugins/com.st.stm32cube.ide.mcu.externaltools.gnu-tools-for-stm32.11.3.rel1.win32_1.1.100.202309141235/tools/bin/../lib/gcc/arm-none-eabi/11.3.1/../../../../arm-none-eabi/lib/thumb/v7e-m+fp/hard\libc_nano.a(libc_a-makebuf.o)
                0x000000000800e584                __smakebuf_r
 .text._fstat_r
                0x000000000800e5fc       0x24 C:/ST/STM32CubeIDE_1.14.0/STM32CubeIDE/plugins/com.st.stm32cube.ide.mcu.externaltools.gnu-tools-for-stm32.11.3.rel1.win32_1.1.100.202309141235/tools/bin/../lib/gcc/arm-none-eabi/11.3.1/../../../../arm-none-eabi/lib/thumb/v7e-m+fp/hard\libc_nano.a(libc_a-fstatr.o)
                0x000000000800e5fc                _fstat_r
 .text._isatty_r
                0x000000000800e620       0x20 C:/ST/STM32CubeIDE_1.14.0/STM32CubeIDE/plugins/com.st.stm32cube.ide.mcu.externaltools.gnu-tools-for-stm32.11.3.rel1.win32_1.1.100.202309141235/tools/bin/../lib/gcc/arm-none-eabi/11.3.1/../../../../arm-none-eabi/lib/thumb/v7e-m+fp/hard\libc_nano.a(libc_a-isattyr.o)
                0x000000000800e620                _isatty_r
 *(.glue_7)
 .glue_7        0x000000000800e640        0x0 linker stubs
 *(.glue_7t)
 .glue_7t       0x000000000800e640        0x0 linker stubs
 *(.eh_frame)
 .eh_frame      0x000000000800e640        0x0 C:/ST/STM32CubeIDE_1.14.0/STM32CubeIDE/plugins/com.st.stm32cube.ide.mcu.externaltools.gnu-tools-for-stm32.11.3.rel1.win32_1.1.100.202309141235/tools/bin/../lib/gcc/arm-none-eabi/11.3.1/thumb/v7e-m+fp/hard/crtbegin.o
 *(.init)
 .init          0x000000000800e640        0x4 C:/ST/STM32CubeIDE_1.14.0/STM32CubeIDE/plugins/com.st.stm32cube.ide.mcu.externaltools.gnu-tools-for-stm32.11.3.rel1.win32_1.1.100.202309141235/tools/bin/../lib/gcc/arm-none-eabi/11.3.1/thumb/v7e-m+fp/hard/crti.o
                0x000000000800e640                _init
 .init          0x000000000800e644        0x8 C:/ST/STM32CubeIDE_1.14.0/STM32CubeIDE/plugins/com.st.stm32cube.ide.mcu.externaltools.gnu-tools-for-stm32.11.3.rel1.win32_1.1.100.202309141235/tools/bin/../lib/gcc/arm-none-eabi/11.3.1/thumb/v7e-m+fp/hard/crtn.o
 *(.fini)
 .fini          0x000000000800e64c        0x4 C:/ST/STM32CubeIDE_1.14.0/STM32CubeIDE/plugins/com.st.stm32cube.ide.mcu.externaltools.gnu-tools-for-stm32.11.3.rel1.win32_1.1.100.202309141235/tools/bin/../lib/gcc/arm-none-eabi/11.3.1/thumb/v7e-m+fp/hard/crti.o
                0x000000000800e64c                _fini
 .fini          0x000000000800e650        0x8 C:/ST/STM32CubeIDE_1.14.0/STM32CubeIDE/plugins/com.st.stm32cube.ide.mcu.externaltools.gnu-tools-for-stm32.11.3.rel1.win32_1.1.100.202309141235/tools/bin/../lib/gcc/arm-none-eabi/11.3.1/thumb/v7e-m+fp/hard/crtn.o
                0x000000000800e658                . = ALIGN (0x4)
                0x000000000800e658                _etext = .

.vfp11_veneer   0x000000000800e658        0x0
 .vfp11_veneer  0x000000000800e658        0x0 linker stubs

.v4_bx          0x000000000800e658        0x0
 .v4_bx         0x000000000800e658        0x0 linker stubs

.iplt           0x000000000800e658        0x0
 .iplt          0x000000000800e658        0x0 C:/ST/STM32CubeIDE_1.14.0/STM32CubeIDE/plugins/com.st.stm32cube.ide.mcu.externaltools.gnu-tools-for-stm32.11.3.rel1.win32_1.1.100.202309141235/tools/bin/../lib/gcc/arm-none-eabi/11.3.1/thumb/v7e-m+fp/hard/crtbegin.o

.rodata         0x000000000800e658      0x5ec
                0x000000000800e658                . = ALIGN (0x4)
 *(.rodata)
 .rodata        0x000000000800e658      0x1c5 ./CANopenNode_STM32/CO_app_STM32.o
 *fill*         0x000000000800e81d        0x3 
 .rodata        0x000000000800e820       0x50 ./Core/Src/main.o
 .rodata        0x000000000800e870        0x5 ./Middlewares/Third_Party/FreeRTOS/Source/tasks.o
 *(.rodata*)
 *fill*         0x000000000800e875        0x3 
 .rodata.abortCodes.0
                0x000000000800e878       0x68 ./CANopenNode/301/CO_ODinterface.o
 .rodata.CO_LSS_bitTimingTableLookup
                0x000000000800e8e0       0x14 ./CANopenNode/305/CO_LSSslave.o
 .rodata.ODObjs
                0x000000000800e8f4      0x2d4 ./CANopenNode_STM32/OD.o
 .rodata.AHBPrescTable
                0x000000000800ebc8       0x10 ./Core/Src/system_stm32l4xx.o
                0x000000000800ebc8                AHBPrescTable
 .rodata.APBPrescTable
                0x000000000800ebd8        0x8 ./Core/Src/system_stm32l4xx.o
                0x000000000800ebd8                APBPrescTable
 .rodata.MSIRangeTable
                0x000000000800ebe0       0x30 ./Core/Src/system_stm32l4xx.o
                0x000000000800ebe0                MSIRangeTable
 .rodata._vfprintf_r.str1.1
                0x000000000800ec10       0x11 C:/ST/STM32CubeIDE_1.14.0/STM32CubeIDE/plugins/com.st.stm32cube.ide.mcu.externaltools.gnu-tools-for-stm32.11.3.rel1.win32_1.1.100.202309141235/tools/bin/../lib/gcc/arm-none-eabi/11.3.1/../../../../arm-none-eabi/lib/thumb/v7e-m+fp/hard\libc_nano.a(libc_a-nano-vfprintf.o)
 .rodata._printf_i.str1.1
                0x000000000800ec21       0x22 C:/ST/STM32CubeIDE_1.14.0/STM32CubeIDE/plugins/com.st.stm32cube.ide.mcu.externaltools.gnu-tools-for-stm32.11.3.rel1.win32_1.1.100.202309141235/tools/bin/../lib/gcc/arm-none-eabi/11.3.1/../../../../arm-none-eabi/lib/thumb/v7e-m+fp/hard\libc_nano.a(libc_a-nano-vfprintf_i.o)
                0x000000000800ec44                . = ALIGN (0x4)
 *fill*         0x000000000800ec43        0x1 

.ARM.extab      0x000000000800ec44        0x0
                0x000000000800ec44                . = ALIGN (0x4)
 *(.ARM.extab* .gnu.linkonce.armextab.*)
                0x000000000800ec44                . = ALIGN (0x4)

.ARM            0x000000000800ec44        0x8
                0x000000000800ec44                . = ALIGN (0x4)
                0x000000000800ec44                __exidx_start = .
 *(.ARM.exidx*)
 .ARM.exidx     0x000000000800ec44        0x8 C:/ST/STM32CubeIDE_1.14.0/STM32CubeIDE/plugins/com.st.stm32cube.ide.mcu.externaltools.gnu-tools-for-stm32.11.3.rel1.win32_1.1.100.202309141235/tools/bin/../lib/gcc/arm-none-eabi/11.3.1/thumb/v7e-m+fp/hard\libgcc.a(_udivmoddi4.o)
                0x000000000800ec4c                __exidx_end = .
                0x000000000800ec4c                . = ALIGN (0x4)

.rel.dyn        0x000000000800ec4c        0x0
 .rel.iplt      0x000000000800ec4c        0x0 C:/ST/STM32CubeIDE_1.14.0/STM32CubeIDE/plugins/com.st.stm32cube.ide.mcu.externaltools.gnu-tools-for-stm32.11.3.rel1.win32_1.1.100.202309141235/tools/bin/../lib/gcc/arm-none-eabi/11.3.1/thumb/v7e-m+fp/hard/crtbegin.o

.preinit_array  0x000000000800ec4c        0x0
                0x000000000800ec4c                . = ALIGN (0x4)
                0x000000000800ec4c                PROVIDE (__preinit_array_start = .)
 *(.preinit_array*)
                0x000000000800ec4c                PROVIDE (__preinit_array_end = .)
                0x000000000800ec4c                . = ALIGN (0x4)

.init_array     0x000000000800ec4c        0x4
                0x000000000800ec4c                . = ALIGN (0x4)
                0x000000000800ec4c                PROVIDE (__init_array_start = .)
 *(SORT_BY_NAME(.init_array.*))
 *(.init_array*)
 .init_array    0x000000000800ec4c        0x4 C:/ST/STM32CubeIDE_1.14.0/STM32CubeIDE/plugins/com.st.stm32cube.ide.mcu.externaltools.gnu-tools-for-stm32.11.3.rel1.win32_1.1.100.202309141235/tools/bin/../lib/gcc/arm-none-eabi/11.3.1/thumb/v7e-m+fp/hard/crtbegin.o
                0x000000000800ec50                PROVIDE (__init_array_end = .)
                0x000000000800ec50                . = ALIGN (0x4)

.fini_array     0x000000000800ec50        0x4
                0x000000000800ec50                . = ALIGN (0x4)
                [!provide]                        PROVIDE (__fini_array_start = .)
 *(SORT_BY_NAME(.fini_array.*))
 *(.fini_array*)
 .fini_array    0x000000000800ec50        0x4 C:/ST/STM32CubeIDE_1.14.0/STM32CubeIDE/plugins/com.st.stm32cube.ide.mcu.externaltools.gnu-tools-for-stm32.11.3.rel1.win32_1.1.100.202309141235/tools/bin/../lib/gcc/arm-none-eabi/11.3.1/thumb/v7e-m+fp/hard/crtbegin.o
                [!provide]                        PROVIDE (__fini_array_end = .)
                0x000000000800ec54                . = ALIGN (0x4)
                0x000000000800ec54                _sidata = LOADADDR (.data)

.data           0x0000000020000000      0x2b8 load address 0x000000000800ec54
                0x0000000020000000                . = ALIGN (0x4)
                0x0000000020000000                _sdata = .
 *(.data)
 *(.data*)
 .data.OD_PERSIST_COMM
                0x0000000020000000       0xcc ./CANopenNode_STM32/OD.o
                0x0000000020000000                OD_PERSIST_COMM
 .data.OD_RAM   0x00000000200000cc       0x44 ./CANopenNode_STM32/OD.o
                0x00000000200000cc                OD_RAM
 .data.ODList   0x0000000020000110      0x12c ./CANopenNode_STM32/OD.o
 .data._OD      0x000000002000023c        0x8 ./CANopenNode_STM32/OD.o
 .data.OD       0x0000000020000244        0x4 ./CANopenNode_STM32/OD.o
                0x0000000020000244                OD
 .data.data     0x0000000020000248        0x3 ./Core/Src/main.o
                0x0000000020000248                data
 *fill*         0x000000002000024b        0x1 
 .data.SystemCoreClock
                0x000000002000024c        0x4 ./Core/Src/system_stm32l4xx.o
                0x000000002000024c                SystemCoreClock
 .data.uwTickPrio
                0x0000000020000250        0x4 ./Drivers/STM32L4xx_HAL_Driver/Src/stm32l4xx_hal.o
                0x0000000020000250                uwTickPrio
 .data.uwTickFreq
                0x0000000020000254        0x1 ./Drivers/STM32L4xx_HAL_Driver/Src/stm32l4xx_hal.o
                0x0000000020000254                uwTickFreq
 *fill*         0x0000000020000255        0x3 
 .data.uxCriticalNesting
                0x0000000020000258        0x4 ./Middlewares/Third_Party/FreeRTOS/Source/portable/GCC/ARM_CM4F/port.o
 .data.__sglue  0x000000002000025c        0xc C:/ST/STM32CubeIDE_1.14.0/STM32CubeIDE/plugins/com.st.stm32cube.ide.mcu.externaltools.gnu-tools-for-stm32.11.3.rel1.win32_1.1.100.202309141235/tools/bin/../lib/gcc/arm-none-eabi/11.3.1/../../../../arm-none-eabi/lib/thumb/v7e-m+fp/hard\libc_nano.a(libc_a-findfp.o)
                0x000000002000025c                __sglue
 .data._impure_data
                0x0000000020000268       0x4c C:/ST/STM32CubeIDE_1.14.0/STM32CubeIDE/plugins/com.st.stm32cube.ide.mcu.externaltools.gnu-tools-for-stm32.11.3.rel1.win32_1.1.100.202309141235/tools/bin/../lib/gcc/arm-none-eabi/11.3.1/../../../../arm-none-eabi/lib/thumb/v7e-m+fp/hard\libc_nano.a(libc_a-impure.o)
                0x0000000020000268                _impure_data
 .data._impure_ptr
                0x00000000200002b4        0x4 C:/ST/STM32CubeIDE_1.14.0/STM32CubeIDE/plugins/com.st.stm32cube.ide.mcu.externaltools.gnu-tools-for-stm32.11.3.rel1.win32_1.1.100.202309141235/tools/bin/../lib/gcc/arm-none-eabi/11.3.1/../../../../arm-none-eabi/lib/thumb/v7e-m+fp/hard\libc_nano.a(libc_a-impure.o)
                0x00000000200002b4                _impure_ptr
 *(.RamFunc)
 *(.RamFunc*)
                0x00000000200002b8                . = ALIGN (0x4)
                0x00000000200002b8                _edata = .

.igot.plt       0x00000000200002b8        0x0 load address 0x000000000800ef0c
 .igot.plt      0x00000000200002b8        0x0 C:/ST/STM32CubeIDE_1.14.0/STM32CubeIDE/plugins/com.st.stm32cube.ide.mcu.externaltools.gnu-tools-for-stm32.11.3.rel1.win32_1.1.100.202309141235/tools/bin/../lib/gcc/arm-none-eabi/11.3.1/thumb/v7e-m+fp/hard/crtbegin.o
                0x00000000200002b8                . = ALIGN (0x4)

.bss            0x00000000200002b8     0x12b8 load address 0x000000000800ef0c
                0x00000000200002b8                _sbss = .
                0x00000000200002b8                __bss_start__ = _sbss
 *(.bss)
 .bss           0x00000000200002b8       0x1c C:/ST/STM32CubeIDE_1.14.0/STM32CubeIDE/plugins/com.st.stm32cube.ide.mcu.externaltools.gnu-tools-for-stm32.11.3.rel1.win32_1.1.100.202309141235/tools/bin/../lib/gcc/arm-none-eabi/11.3.1/thumb/v7e-m+fp/hard/crtbegin.o
 *(.bss*)
 .bss.canopenNodeSTM32
                0x00000000200002d4        0x4 ./CANopenNode_STM32/CO_app_STM32.o
                0x00000000200002d4                canopenNodeSTM32
 .bss.CO        0x00000000200002d8        0x4 ./CANopenNode_STM32/CO_app_STM32.o
                0x00000000200002d8                CO
 .bss.time_old  0x00000000200002dc        0x4 ./CANopenNode_STM32/CO_app_STM32.o
                0x00000000200002dc                time_old
 .bss.time_current
                0x00000000200002e0        0x4 ./CANopenNode_STM32/CO_app_STM32.o
                0x00000000200002e0                time_current
 .bss.err       0x00000000200002e4        0x1 ./CANopenNode_STM32/CO_app_STM32.o
                0x00000000200002e4                err
 *fill*         0x00000000200002e5        0x3 
 .bss.CANModule_local
                0x00000000200002e8        0x4 ./CANopenNode_STM32/CO_driver_STM32.o
 .bss.tx_hdr.1  0x00000000200002ec       0x18 ./CANopenNode_STM32/CO_driver_STM32.o
 .bss.rx_hdr.0  0x0000000020000304       0x1c ./CANopenNode_STM32/CO_driver_STM32.o
 .bss.xIdleTaskTCBBuffer
                0x0000000020000320       0xa0 ./Core/Src/freertos.o
 .bss.xIdleStack
                0x00000000200003c0      0x200 ./Core/Src/freertos.o
 .bss.hcan1     0x00000000200005c0       0x28 ./Core/Src/main.o
                0x00000000200005c0                hcan1
 .bss.htim7     0x00000000200005e8       0x4c ./Core/Src/main.o
                0x00000000200005e8                htim7
 .bss.huart1    0x0000000020000634       0x88 ./Core/Src/main.o
                0x0000000020000634                huart1
 .bss.defaultTaskHandle
                0x00000000200006bc        0x4 ./Core/Src/main.o
                0x00000000200006bc                defaultTaskHandle
 .bss.myTask02Handle
                0x00000000200006c0        0x4 ./Core/Src/main.o
                0x00000000200006c0                myTask02Handle
 .bss.htim1     0x00000000200006c4       0x4c ./Core/Src/stm32l4xx_hal_timebase_tim.o
                0x00000000200006c4                htim1
 .bss.__sbrk_heap_end
                0x0000000020000710        0x4 ./Core/Src/sysmem.o
 .bss.uwTick    0x0000000020000714        0x4 ./Drivers/STM32L4xx_HAL_Driver/Src/stm32l4xx_hal.o
                0x0000000020000714                uwTick
 .bss.pxCurrentTCB
                0x0000000020000718        0x4 ./Middlewares/Third_Party/FreeRTOS/Source/tasks.o
                0x0000000020000718                pxCurrentTCB
 .bss.pxReadyTasksLists
                0x000000002000071c       0x8c ./Middlewares/Third_Party/FreeRTOS/Source/tasks.o
 .bss.xDelayedTaskList1
                0x00000000200007a8       0x14 ./Middlewares/Third_Party/FreeRTOS/Source/tasks.o
 .bss.xDelayedTaskList2
                0x00000000200007bc       0x14 ./Middlewares/Third_Party/FreeRTOS/Source/tasks.o
 .bss.pxDelayedTaskList
                0x00000000200007d0        0x4 ./Middlewares/Third_Party/FreeRTOS/Source/tasks.o
 .bss.pxOverflowDelayedTaskList
                0x00000000200007d4        0x4 ./Middlewares/Third_Party/FreeRTOS/Source/tasks.o
 .bss.xPendingReadyList
                0x00000000200007d8       0x14 ./Middlewares/Third_Party/FreeRTOS/Source/tasks.o
 .bss.xTasksWaitingTermination
                0x00000000200007ec       0x14 ./Middlewares/Third_Party/FreeRTOS/Source/tasks.o
 .bss.uxDeletedTasksWaitingCleanUp
                0x0000000020000800        0x4 ./Middlewares/Third_Party/FreeRTOS/Source/tasks.o
 .bss.xSuspendedTaskList
                0x0000000020000804       0x14 ./Middlewares/Third_Party/FreeRTOS/Source/tasks.o
 .bss.uxCurrentNumberOfTasks