../Core/Src/main.c:78:5:main	72	static
../Core/Src/main.c:157:6:SystemClock_Config	96	static
../Core/Src/main.c:202:13:MX_CAN1_Init	8	static
../Core/Src/main.c:239:13:MX_TIM7_Init	24	static
../Core/Src/main.c:277:13:MX_USART1_UART_Init	8	static
../Core/Src/main.c:312:13:MX_GPIO_Init	40	static
../Core/Src/main.c:347:6:canopen_task	40	static
../Core/Src/main.c:382:6:blink_task	16	static
../Core/Src/main.c:403:6:HAL_TIM_PeriodElapsedCallback	16	static
../Core/Src/main.c:424:6:Error_Handler	4	static,ignoring_inline_asm
